Component: Arm Compiler for Embedded 6.21 Tool: armlink [5ec1fa00]

==============================================================================

Section Cross References

    blinky.o(.ARM.exidx.text.print_uart0) refers to blinky.o(.text.print_uart0) for [Anonymous Symbol]
    blinky.o(.text.test_task) refers to rtx_delay.o(.text.osDelay) for osDelay
    blinky.o(.text.test_task) refers to blinky.o(.rodata.str1.1) for [Anonymous Symbol]
    blinky.o(.ARM.exidx.text.test_task) refers to blinky.o(.text.test_task) for [Anonymous Symbol]
    blinky.o(.text.main) refers to rtx_kernel.o(.text.osKernelInitialize) for osKernelInitialize
    blinky.o(.text.main) refers to rtx_thread.o(.text.osThreadNew) for osThreadNew
    blinky.o(.text.main) refers to rtx_kernel.o(.text.osKernelGetState) for osKernelGetState
    blinky.o(.text.main) refers to rtx_kernel.o(.text.osKernelStart) for osKernelStart
    blinky.o(.text.main) refers to blinky.o(.rodata.str1.1) for [Anonymous Symbol]
    blinky.o(.text.main) refers to blinky.o(.text.test_task) for test_task
    blinky.o(.ARM.exidx.text.main) refers to blinky.o(.text.main) for [Anonymous Symbol]
    irq_armv6m.o(.text) refers to rtx_system.o(.text.osRtxPendSV_Handler) for osRtxPendSV_Handler
    irq_armv6m.o(.text) refers to rtx_system.o(.text.osRtxTick_Handler) for osRtxTick_Handler
    irq_armv6m.o(.text) refers to rtx_kernel.o(.data.os) for osRtxInfo
    irq_armv6m.o(.text) refers to rtx_lib.o(.rodata.osRtxUserSVC) for osRtxUserSVC
    irq_armv6m.o(.ARM.exidx) refers to irq_armv6m.o(.text) for [Anonymous Symbol]
    rtx_delay.o(.text.osDelay) refers to rtx_evr.o(.text.EvrRtxDelay) for EvrRtxDelay
    rtx_delay.o(.text.osDelay) refers to rtx_evr.o(.text.EvrRtxDelayError) for EvrRtxDelayError
    rtx_delay.o(.text.osDelay) refers to rtx_delay.o(.text.svcRtxDelay) for svcRtxDelay
    rtx_delay.o(.ARM.exidx.text.osDelay) refers to rtx_delay.o(.text.osDelay) for [Anonymous Symbol]
    rtx_delay.o(.text.osDelayUntil) refers to rtx_evr.o(.text.EvrRtxDelayUntil) for EvrRtxDelayUntil
    rtx_delay.o(.text.osDelayUntil) refers to rtx_evr.o(.text.EvrRtxDelayError) for EvrRtxDelayError
    rtx_delay.o(.text.osDelayUntil) refers to rtx_delay.o(.text.svcRtxDelayUntil) for svcRtxDelayUntil
    rtx_delay.o(.ARM.exidx.text.osDelayUntil) refers to rtx_delay.o(.text.osDelayUntil) for [Anonymous Symbol]
    rtx_delay.o(.text.svcRtxDelay) refers to rtx_thread.o(.text.osRtxThreadWaitEnter) for osRtxThreadWaitEnter
    rtx_delay.o(.text.svcRtxDelay) refers to rtx_evr.o(.text.EvrRtxDelayStarted) for EvrRtxDelayStarted
    rtx_delay.o(.text.svcRtxDelay) refers to rtx_evr.o(.text.EvrRtxDelayError) for EvrRtxDelayError
    rtx_delay.o(.ARM.exidx.text.svcRtxDelay) refers to rtx_delay.o(.text.svcRtxDelay) for [Anonymous Symbol]
    rtx_delay.o(.text.svcRtxDelayUntil) refers to rtx_thread.o(.text.osRtxThreadWaitEnter) for osRtxThreadWaitEnter
    rtx_delay.o(.text.svcRtxDelayUntil) refers to rtx_evr.o(.text.EvrRtxDelayUntilStarted) for EvrRtxDelayUntilStarted
    rtx_delay.o(.text.svcRtxDelayUntil) refers to rtx_evr.o(.text.EvrRtxDelayError) for EvrRtxDelayError
    rtx_delay.o(.text.svcRtxDelayUntil) refers to rtx_kernel.o(.data.os) for osRtxInfo
    rtx_delay.o(.ARM.exidx.text.svcRtxDelayUntil) refers to rtx_delay.o(.text.svcRtxDelayUntil) for [Anonymous Symbol]
    rtx_evflags.o(.text.osEventFlagsNew) refers to rtx_evr.o(.text.EvrRtxEventFlagsNew) for EvrRtxEventFlagsNew
    rtx_evflags.o(.text.osEventFlagsNew) refers to rtx_evr.o(.text.EvrRtxEventFlagsError) for EvrRtxEventFlagsError
    rtx_evflags.o(.text.osEventFlagsNew) refers to rtx_evflags.o(.text.svcRtxEventFlagsNew) for svcRtxEventFlagsNew
    rtx_evflags.o(.ARM.exidx.text.osEventFlagsNew) refers to rtx_evflags.o(.text.osEventFlagsNew) for [Anonymous Symbol]
    rtx_evflags.o(.text.osEventFlagsGetName) refers to rtx_evr.o(.text.EvrRtxEventFlagsGetName) for EvrRtxEventFlagsGetName
    rtx_evflags.o(.text.osEventFlagsGetName) refers to rtx_evflags.o(.text.svcRtxEventFlagsGetName) for svcRtxEventFlagsGetName
    rtx_evflags.o(.ARM.exidx.text.osEventFlagsGetName) refers to rtx_evflags.o(.text.osEventFlagsGetName) for [Anonymous Symbol]
    rtx_evflags.o(.text.svcRtxEventFlagsGetName) refers to rtx_evr.o(.text.EvrRtxEventFlagsGetName) for EvrRtxEventFlagsGetName
    rtx_evflags.o(.ARM.exidx.text.svcRtxEventFlagsGetName) refers to rtx_evflags.o(.text.svcRtxEventFlagsGetName) for [Anonymous Symbol]
    rtx_evflags.o(.text.osEventFlagsSet) refers to rtx_evr.o(.text.EvrRtxEventFlagsSet) for EvrRtxEventFlagsSet
    rtx_evflags.o(.text.osEventFlagsSet) refers to rtx_system.o(.text.osRtxPostProcess) for osRtxPostProcess
    rtx_evflags.o(.text.osEventFlagsSet) refers to rtx_evr.o(.text.EvrRtxEventFlagsSetDone) for EvrRtxEventFlagsSetDone
    rtx_evflags.o(.text.osEventFlagsSet) refers to rtx_evr.o(.text.EvrRtxEventFlagsError) for EvrRtxEventFlagsError
[...]
    Removing rtx_mempool.o(.ARM.exidx.text.osRtxMemoryPoolPostProcess), (8 bytes).
    Removing rtx_mempool.o(.text.svcRtxMemoryPoolAlloc), (148 bytes).
    Removing rtx_mempool.o(.ARM.exidx.text.svcRtxMemoryPoolAlloc), (8 bytes).
    Removing rtx_mempool.o(.text.svcRtxMemoryPoolFree), (202 bytes).
    Removing rtx_mempool.o(.ARM.exidx.text.svcRtxMemoryPoolFree), (8 bytes).
    Removing rtx_mempool.o(.text.svcRtxMemoryPoolDelete), (176 bytes).
    Removing rtx_mempool.o(.ARM.exidx.text.svcRtxMemoryPoolDelete), (8 bytes).
    Removing rtx_msgqueue.o(.text), (0 bytes).
    Removing rtx_msgqueue.o(.ARM.exidx.text.osRtxMessageQueueTimerSetup), (8 bytes).
    Removing rtx_msgqueue.o(.ARM.exidx.text.svcRtxMessageQueueNew), (8 bytes).
    Removing rtx_msgqueue.o(.text.osMessageQueueNew), (68 bytes).
    Removing rtx_msgqueue.o(.ARM.exidx.text.osMessageQueueNew), (8 bytes).
    Removing rtx_msgqueue.o(.text.osMessageQueueGetName), (68 bytes).
    Removing rtx_msgqueue.o(.ARM.exidx.text.osMessageQueueGetName), (8 bytes).
    Removing rtx_msgqueue.o(.text.svcRtxMessageQueueGetName), (40 bytes).
    Removing rtx_msgqueue.o(.ARM.exidx.text.svcRtxMessageQueueGetName), (8 bytes).
    Removing rtx_msgqueue.o(.ARM.exidx.text.osMessageQueuePut), (8 bytes).
    Removing rtx_msgqueue.o(.ARM.exidx.text.osMessageQueueGet), (8 bytes).
    Removing rtx_msgqueue.o(.text.osMessageQueueGetCapacity), (68 bytes).
    Removing rtx_msgqueue.o(.ARM.exidx.text.osMessageQueueGetCapacity), (8 bytes).
    Removing rtx_msgqueue.o(.text.svcRtxMessageQueueGetCapacity), (40 bytes).
    Removing rtx_msgqueue.o(.ARM.exidx.text.svcRtxMessageQueueGetCapacity), (8 bytes).
    Removing rtx_msgqueue.o(.text.osMessageQueueGetMsgSize), (68 bytes).
    Removing rtx_msgqueue.o(.ARM.exidx.text.osMessageQueueGetMsgSize), (8 bytes).
    Removing rtx_msgqueue.o(.text.svcRtxMessageQueueGetMsgSize), (40 bytes).
    Removing rtx_msgqueue.o(.ARM.exidx.text.svcRtxMessageQueueGetMsgSize), (8 bytes).
    Removing rtx_msgqueue.o(.text.osMessageQueueGetCount), (68 bytes).
    Removing rtx_msgqueue.o(.ARM.exidx.text.osMessageQueueGetCount), (8 bytes).
    Removing rtx_msgqueue.o(.text.svcRtxMessageQueueGetCount), (40 bytes).
    Removing rtx_msgqueue.o(.ARM.exidx.text.svcRtxMessageQueueGetCount), (8 bytes).
    Removing rtx_msgqueue.o(.text.osMessageQueueGetSpace), (76 bytes).
    Removing rtx_msgqueue.o(.ARM.exidx.text.osMessageQueueGetSpace), (8 bytes).
    Removing rtx_msgqueue.o(.text.svcRtxMessageQueueGetSpace), (48 bytes).
    Removing rtx_msgqueue.o(.ARM.exidx.text.svcRtxMessageQueueGetSpace), (8 bytes).
    Removing rtx_msgqueue.o(.text.osMessageQueueReset), (52 bytes).
    Removing rtx_msgqueue.o(.ARM.exidx.text.osMessageQueueReset), (8 bytes).
    Removing rtx_msgqueue.o(.text.osMessageQueueDelete), (52 bytes).
    Removing rtx_msgqueue.o(.ARM.exidx.text.osMessageQueueDelete), (8 bytes).
    Removing rtx_msgqueue.o(.ARM.exidx.text.osRtxMessageQueuePostProcess), (8 bytes).
    Removing rtx_msgqueue.o(.ARM.exidx.text.svcRtxMessageQueuePut), (8 bytes).
    Removing rtx_msgqueue.o(.ARM.exidx.text.svcRtxMessageQueueGet), (8 bytes).
    Removing rtx_msgqueue.o(.text.svcRtxMessageQueueReset), (374 bytes).
    Removing rtx_msgqueue.o(.ARM.exidx.text.svcRtxMessageQueueReset), (8 bytes).
    Removing rtx_msgqueue.o(.text.svcRtxMessageQueueDelete), (136 bytes).
    Removing rtx_msgqueue.o(.ARM.exidx.text.svcRtxMessageQueueDelete), (8 bytes).
    Removing rtx_mutex.o(.text), (0 bytes).
    Removing rtx_mutex.o(.ARM.exidx.text.osRtxMutexOwnerRelease), (8 bytes).
    Removing rtx_mutex.o(.ARM.exidx.text.osRtxMutexOwnerRestore), (8 bytes).
    Removing rtx_mutex.o(.text.osMutexNew), (52 bytes).
    Removing rtx_mutex.o(.ARM.exidx.text.osMutexNew), (8 bytes).
    Removing rtx_mutex.o(.text.osMutexGetName), (68 bytes).
    Removing rtx_mutex.o(.ARM.exidx.text.osMutexGetName), (8 bytes).
    Removing rtx_mutex.o(.text.svcRtxMutexGetName), (40 bytes).
    Removing rtx_mutex.o(.ARM.exidx.text.svcRtxMutexGetName), (8 bytes).
    Removing rtx_mutex.o(.text.osMutexAcquire), (56 bytes).
    Removing rtx_mutex.o(.ARM.exidx.text.osMutexAcquire), (8 bytes).
    Removing rtx_mutex.o(.text.osMutexRelease), (52 bytes).
    Removing rtx_mutex.o(.ARM.exidx.text.osMutexRelease), (8 bytes).
    Removing rtx_mutex.o(.text.osMutexGetOwner), (40 bytes).
    Removing rtx_mutex.o(.ARM.exidx.text.osMutexGetOwner), (8 bytes).
    Removing rtx_mutex.o(.text.osMutexDelete), (52 bytes).
    Removing rtx_mutex.o(.ARM.exidx.text.osMutexDelete), (8 bytes).
    Removing rtx_mutex.o(.text.svcRtxMutexNew), (172 bytes).
    Removing rtx_mutex.o(.ARM.exidx.text.svcRtxMutexNew), (8 bytes).
    Removing rtx_mutex.o(.text.svcRtxMutexAcquire), (236 bytes).
    Removing rtx_mutex.o(.ARM.exidx.text.svcRtxMutexAcquire), (8 bytes).
    Removing rtx_mutex.o(.text.svcRtxMutexRelease), (256 bytes).
    Removing rtx_mutex.o(.ARM.exidx.text.svcRtxMutexRelease), (8 bytes).
    Removing rtx_mutex.o(.text.svcRtxMutexGetOwner), (46 bytes).
    Removing rtx_mutex.o(.ARM.exidx.text.svcRtxMutexGetOwner), (8 bytes).
    Removing rtx_mutex.o(.text.svcRtxMutexDelete), (224 bytes).
    Removing rtx_mutex.o(.ARM.exidx.text.svcRtxMutexDelete), (8 bytes).
    Removing rtx_semaphore.o(.text), (0 bytes).
    Removing rtx_semaphore.o(.text.osSemaphoreNew), (68 bytes).
    Removing rtx_semaphore.o(.ARM.exidx.text.osSemaphoreNew), (8 bytes).
    Removing rtx_semaphore.o(.text.osSemaphoreGetName), (68 bytes).
    Removing rtx_semaphore.o(.ARM.exidx.text.osSemaphoreGetName), (8 bytes).
    Removing rtx_semaphore.o(.text.svcRtxSemaphoreGetName), (40 bytes).
    Removing rtx_semaphore.o(.ARM.exidx.text.svcRtxSemaphoreGetName), (8 bytes).
    Removing rtx_semaphore.o(.text.osSemaphoreAcquire), (128 bytes).
    Removing rtx_semaphore.o(.ARM.exidx.text.osSemaphoreAcquire), (8 bytes).
    Removing rtx_semaphore.o(.text.osSemaphoreRelease), (136 bytes).
    Removing rtx_semaphore.o(.ARM.exidx.text.osSemaphoreRelease), (8 bytes).
    Removing rtx_semaphore.o(.text.osSemaphoreGetCount), (68 bytes).
    Removing rtx_semaphore.o(.ARM.exidx.text.osSemaphoreGetCount), (8 bytes).
    Removing rtx_semaphore.o(.text.svcRtxSemaphoreGetCount), (40 bytes).
    Removing rtx_semaphore.o(.ARM.exidx.text.svcRtxSemaphoreGetCount), (8 bytes).
    Removing rtx_semaphore.o(.text.osSemaphoreDelete), (52 bytes).
    Removing rtx_semaphore.o(.ARM.exidx.text.osSemaphoreDelete), (8 bytes).
    Removing rtx_semaphore.o(.text.svcRtxSemaphoreNew), (200 bytes).
    Removing rtx_semaphore.o(.ARM.exidx.text.svcRtxSemaphoreNew), (8 bytes).
    Removing rtx_semaphore.o(.text.osRtxSemaphorePostProcess), (66 bytes).
    Removing rtx_semaphore.o(.ARM.exidx.text.osRtxSemaphorePostProcess), (8 bytes).
    Removing rtx_semaphore.o(.text.svcRtxSemaphoreAcquire), (144 bytes).
    Removing rtx_semaphore.o(.ARM.exidx.text.svcRtxSemaphoreAcquire), (8 bytes).
    Removing rtx_semaphore.o(.text.svcRtxSemaphoreRelease), (138 bytes).
    Removing rtx_semaphore.o(.ARM.exidx.text.svcRtxSemaphoreRelease), (8 bytes).
    Removing rtx_semaphore.o(.text.svcRtxSemaphoreDelete), (120 bytes).
    Removing rtx_semaphore.o(.ARM.exidx.text.svcRtxSemaphoreDelete), (8 bytes).
    Removing rtx_system.o(.text), (0 bytes).
    Removing rtx_system.o(.ARM.exidx.text.osRtxTick_Handler), (8 bytes).
    Removing rtx_system.o(.ARM.exidx.text.osRtxPendSV_Handler), (8 bytes).
    Removing rtx_system.o(.ARM.exidx.text.osRtxPostProcess), (8 bytes).
    Removing rtx_thread.o(.text), (0 bytes).
    Removing rtx_thread.o(.ARM.exidx.text.osRtxThreadListPut), (8 bytes).
    Removing rtx_thread.o(.ARM.exidx.text.osRtxThreadListGet), (8 bytes).
    Removing rtx_thread.o(.ARM.exidx.text.osRtxThreadListSort), (8 bytes).
    Removing rtx_thread.o(.ARM.exidx.text.osRtxThreadListRemove), (8 bytes).
    Removing rtx_thread.o(.ARM.exidx.text.osRtxThreadReadyPut), (8 bytes).
    Removing rtx_thread.o(.text.osRtxThreadDelayRemove), (72 bytes).
    Removing rtx_thread.o(.ARM.exidx.text.osRtxThreadDelayRemove), (8 bytes).
    Removing rtx_thread.o(.ARM.exidx.text.osRtxThreadDelayTick), (8 bytes).
    Removing rtx_thread.o(.ARM.exidx.text.osRtxThreadRegPtr), (8 bytes).
    Removing rtx_thread.o(.ARM.exidx.text.osRtxThreadSwitch), (8 bytes).
    Removing rtx_thread.o(.ARM.exidx.text.osRtxThreadDispatch), (8 bytes).
    Removing rtx_thread.o(.ARM.exidx.text.osRtxThreadWaitExit), (8 bytes).
    Removing rtx_thread.o(.ARM.exidx.text.osRtxThreadWaitEnter), (8 bytes).
    Removing rtx_thread.o(.text.osRtxThreadJoinWakeup), (38 bytes).
    Removing rtx_thread.o(.ARM.exidx.text.osRtxThreadJoinWakeup), (8 bytes).
    Removing rtx_thread.o(.text.osRtxThreadDestroy), (52 bytes).
    Removing rtx_thread.o(.ARM.exidx.text.osRtxThreadDestroy), (8 bytes).
    Removing rtx_thread.o(.ARM.exidx.text.osRtxThreadFree), (8 bytes).
    Removing rtx_thread.o(.ARM.exidx.text.osRtxThreadBeforeFree), (8 bytes).
    Removing rtx_thread.o(.ARM.exidx.text.osRtxThreadStartup), (8 bytes).
    Removing rtx_thread.o(.ARM.exidx.text.svcRtxThreadNew), (8 bytes).
    Removing rtx_thread.o(.ARM.exidx.text.osThreadNew), (8 bytes).
    Removing rtx_thread.o(.text.osThreadGetName), (68 bytes).
    Removing rtx_thread.o(.ARM.exidx.text.osThreadGetName), (8 bytes).
    Removing rtx_thread.o(.text.svcRtxThreadGetName), (40 bytes).
    Removing rtx_thread.o(.ARM.exidx.text.svcRtxThreadGetName), (8 bytes).
    Removing rtx_thread.o(.text.osThreadGetClass), (40 bytes).
    Removing rtx_thread.o(.ARM.exidx.text.osThreadGetClass), (8 bytes).
    Removing rtx_thread.o(.text.svcRtxThreadGetClass), (6 bytes).
    Removing rtx_thread.o(.ARM.exidx.text.svcRtxThreadGetClass), (8 bytes).
    Removing rtx_thread.o(.text.osThreadGetZone), (40 bytes).
    Removing rtx_thread.o(.ARM.exidx.text.osThreadGetZone), (8 bytes).
    Removing rtx_thread.o(.text.svcRtxThreadGetZone), (6 bytes).
    Removing rtx_thread.o(.ARM.exidx.text.svcRtxThreadGetZone), (8 bytes).
    Removing rtx_thread.o(.text.osThreadGetId), (48 bytes).
    Removing rtx_thread.o(.ARM.exidx.text.osThreadGetId), (8 bytes).
    Removing rtx_thread.o(.text.svcRtxThreadGetId), (20 bytes).
    Removing rtx_thread.o(.ARM.exidx.text.svcRtxThreadGetId), (8 bytes).
    Removing rtx_thread.o(.text.osThreadGetState), (44 bytes).
    Removing rtx_thread.o(.ARM.exidx.text.osThreadGetState), (8 bytes).
    Removing rtx_thread.o(.text.osThreadGetStackSize), (40 bytes).
    Removing rtx_thread.o(.ARM.exidx.text.osThreadGetStackSize), (8 bytes).
    Removing rtx_thread.o(.text.osThreadGetStackSpace), (40 bytes).
    Removing rtx_thread.o(.ARM.exidx.text.osThreadGetStackSpace), (8 bytes).
    Removing rtx_thread.o(.text.osThreadSetPriority), (56 bytes).
    Removing rtx_thread.o(.ARM.exidx.text.osThreadSetPriority), (8 bytes).
    Removing rtx_thread.o(.text.osThreadGetPriority), (44 bytes).
    Removing rtx_thread.o(.ARM.exidx.text.osThreadGetPriority), (8 bytes).
    Removing rtx_thread.o(.text.osThreadYield), (48 bytes).
    Removing rtx_thread.o(.ARM.exidx.text.osThreadYield), (8 bytes).
    Removing rtx_thread.o(.text.osThreadSuspend), (52 bytes).
    Removing rtx_thread.o(.ARM.exidx.text.osThreadSuspend), (8 bytes).
    Removing rtx_thread.o(.text.osThreadResume), (52 bytes).
    Removing rtx_thread.o(.ARM.exidx.text.osThreadResume), (8 bytes).
    Removing rtx_thread.o(.text.osThreadDetach), (52 bytes).
    Removing rtx_thread.o(.ARM.exidx.text.osThreadDetach), (8 bytes).
    Removing rtx_thread.o(.text.osThreadJoin), (52 bytes).
    Removing rtx_thread.o(.ARM.exidx.text.osThreadJoin), (8 bytes).
    Removing rtx_thread.o(.ARM.exidx.text.osThreadExit), (8 bytes).
    Removing rtx_thread.o(.text.osThreadTerminate), (52 bytes).
    Removing rtx_thread.o(.ARM.exidx.text.osThreadTerminate), (8 bytes).
    Removing rtx_thread.o(.text.osThreadFeedWatchdog), (52 bytes).
    Removing rtx_thread.o(.ARM.exidx.text.osThreadFeedWatchdog), (8 bytes).
    Removing rtx_thread.o(.text.osThreadProtectPrivileged), (48 bytes).
    Removing rtx_thread.o(.ARM.exidx.text.osThreadProtectPrivileged), (8 bytes).
    Removing rtx_thread.o(.text.osThreadSuspendClass), (80 bytes).
    Removing rtx_thread.o(.ARM.exidx.text.osThreadSuspendClass), (8 bytes).
    Removing rtx_thread.o(.text.svcRtxThreadSuspendClass), (6 bytes).
    Removing rtx_thread.o(.ARM.exidx.text.svcRtxThreadSuspendClass), (8 bytes).
    Removing rtx_thread.o(.text.osThreadResumeClass), (80 bytes).
    Removing rtx_thread.o(.ARM.exidx.text.osThreadResumeClass), (8 bytes).
    Removing rtx_thread.o(.text.svcRtxThreadResumeClass), (6 bytes).
    Removing rtx_thread.o(.ARM.exidx.text.svcRtxThreadResumeClass), (8 bytes).
    Removing rtx_thread.o(.text.osThreadTerminateZone), (96 bytes).
    Removing rtx_thread.o(.ARM.exidx.text.osThreadTerminateZone), (8 bytes).
    Removing rtx_thread.o(.text.osThreadSetAffinityMask), (40 bytes).
    Removing rtx_thread.o(.ARM.exidx.text.osThreadSetAffinityMask), (8 bytes).
    Removing rtx_thread.o(.text.osThreadGetAffinityMask), (36 bytes).
    Removing rtx_thread.o(.ARM.exidx.text.osThreadGetAffinityMask), (8 bytes).
    Removing rtx_thread.o(.text.osThreadGetCount), (40 bytes).
    Removing rtx_thread.o(.ARM.exidx.text.osThreadGetCount), (8 bytes).
    Removing rtx_thread.o(.text.osThreadEnumerate), (40 bytes).
    Removing rtx_thread.o(.ARM.exidx.text.osThreadEnumerate), (8 bytes).
    Removing rtx_thread.o(.text.osThreadFlagsSet), (124 bytes).
    Removing rtx_thread.o(.ARM.exidx.text.osThreadFlagsSet), (8 bytes).
    Removing rtx_thread.o(.text.osThreadFlagsClear), (52 bytes).
    Removing rtx_thread.o(.ARM.exidx.text.osThreadFlagsClear), (8 bytes).
    Removing rtx_thread.o(.text.osThreadFlagsGet), (40 bytes).
    Removing rtx_thread.o(.ARM.exidx.text.osThreadFlagsGet), (8 bytes).
    Removing rtx_thread.o(.text.osThreadFlagsWait), (68 bytes).
    Removing rtx_thread.o(.ARM.exidx.text.osThreadFlagsWait), (8 bytes).
    Removing rtx_thread.o(.ARM.exidx.text.osThreadEntry), (8 bytes).
    Removing rtx_thread.o(.ARM.exidx.text.osRtxThreadPostProcess), (8 bytes).
    Removing rtx_thread.o(.text.svcRtxThreadGetState), (34 bytes).
    Removing rtx_thread.o(.ARM.exidx.text.svcRtxThreadGetState), (8 bytes).
    Removing rtx_thread.o(.text.svcRtxThreadGetStackSize), (40 bytes).
    Removing rtx_thread.o(.ARM.exidx.text.svcRtxThreadGetStackSize), (8 bytes).
    Removing rtx_thread.o(.text.svcRtxThreadGetStackSpace), (80 bytes).
    Removing rtx_thread.o(.ARM.exidx.text.svcRtxThreadGetStackSpace), (8 bytes).
    Removing rtx_thread.o(.text.svcRtxThreadSetPriority), (188 bytes).
    Removing rtx_thread.o(.ARM.exidx.text.svcRtxThreadSetPriority), (8 bytes).
    Removing rtx_thread.o(.text.svcRtxThreadGetPriority), (38 bytes).
    Removing rtx_thread.o(.ARM.exidx.text.svcRtxThreadGetPriority), (8 bytes).
    Removing rtx_thread.o(.text.svcRtxThreadYield), (148 bytes).
    Removing rtx_thread.o(.ARM.exidx.text.svcRtxThreadYield), (8 bytes).
    Removing rtx_thread.o(.text.svcRtxThreadSuspend), (352 bytes).
    Removing rtx_thread.o(.ARM.exidx.text.svcRtxThreadSuspend), (8 bytes).
    Removing rtx_thread.o(.text.svcRtxThreadResume), (156 bytes).
    Removing rtx_thread.o(.ARM.exidx.text.svcRtxThreadResume), (8 bytes).
    Removing rtx_thread.o(.text.svcRtxThreadDetach), (116 bytes).
    Removing rtx_thread.o(.ARM.exidx.text.svcRtxThreadDetach), (8 bytes).
    Removing rtx_thread.o(.text.svcRtxThreadJoin), (284 bytes).
    Removing rtx_thread.o(.ARM.exidx.text.svcRtxThreadJoin), (8 bytes).
    Removing rtx_thread.o(.ARM.exidx.text.svcRtxThreadExit), (8 bytes).
    Removing rtx_thread.o(.text.svcRtxThreadTerminate), (380 bytes).
    Removing rtx_thread.o(.ARM.exidx.text.svcRtxThreadTerminate), (8 bytes).
    Removing rtx_thread.o(.text.svcRtxThreadFeedWatchdog), (6 bytes).
    Removing rtx_thread.o(.ARM.exidx.text.svcRtxThreadFeedWatchdog), (8 bytes).
    Removing rtx_thread.o(.text.svcRtxThreadProtectPrivileged), (6 bytes).
    Removing rtx_thread.o(.ARM.exidx.text.svcRtxThreadProtectPrivileged), (8 bytes).
    Removing rtx_thread.o(.text.svcRtxThreadSetAffinityMask), (6 bytes).
    Removing rtx_thread.o(.ARM.exidx.text.svcRtxThreadSetAffinityMask), (8 bytes).
    Removing rtx_thread.o(.text.svcRtxThreadGetAffinityMask), (4 bytes).
    Removing rtx_thread.o(.ARM.exidx.text.svcRtxThreadGetAffinityMask), (8 bytes).
    Removing rtx_thread.o(.text.svcRtxThreadGetCount), (64 bytes).
    Removing rtx_thread.o(.ARM.exidx.text.svcRtxThreadGetCount), (8 bytes).
    Removing rtx_thread.o(.text.svcRtxThreadEnumerate), (108 bytes).
    Removing rtx_thread.o(.ARM.exidx.text.svcRtxThreadEnumerate), (8 bytes).
    Removing rtx_thread.o(.text.svcRtxThreadFlagsSet), (300 bytes).
    Removing rtx_thread.o(.ARM.exidx.text.svcRtxThreadFlagsSet), (8 bytes).
    Removing rtx_thread.o(.text.svcRtxThreadFlagsClear), (80 bytes).
    Removing rtx_thread.o(.ARM.exidx.text.svcRtxThreadFlagsClear), (8 bytes).
    Removing rtx_thread.o(.text.svcRtxThreadFlagsGet), (36 bytes).
    Removing rtx_thread.o(.ARM.exidx.text.svcRtxThreadFlagsGet), (8 bytes).
    Removing rtx_thread.o(.text.svcRtxThreadFlagsWait), (236 bytes).
    Removing rtx_thread.o(.ARM.exidx.text.svcRtxThreadFlagsWait), (8 bytes).
    Removing rtx_timer.o(.text), (0 bytes).
    Removing rtx_timer.o(.ARM.exidx.text.osRtxTimerSetup), (8 bytes).
    Removing rtx_timer.o(.ARM.exidx.text.osRtxTimerTick), (8 bytes).
    Removing rtx_timer.o(.ARM.exidx.text.osRtxTimerThread), (8 bytes).
    Removing rtx_timer.o(.text.osTimerNew), (72 bytes).
    Removing rtx_timer.o(.ARM.exidx.text.osTimerNew), (8 bytes).
    Removing rtx_timer.o(.text.osTimerGetName), (68 bytes).
    Removing rtx_timer.o(.ARM.exidx.text.osTimerGetName), (8 bytes).
    Removing rtx_timer.o(.text.svcRtxTimerGetName), (40 bytes).
    Removing rtx_timer.o(.ARM.exidx.text.svcRtxTimerGetName), (8 bytes).
    Removing rtx_timer.o(.text.osTimerStart), (56 bytes).
    Removing rtx_timer.o(.ARM.exidx.text.osTimerStart), (8 bytes).
    Removing rtx_timer.o(.text.osTimerStop), (52 bytes).
    Removing rtx_timer.o(.ARM.exidx.text.osTimerStop), (8 bytes).
    Removing rtx_timer.o(.text.osTimerIsRunning), (40 bytes).
    Removing rtx_timer.o(.ARM.exidx.text.osTimerIsRunning), (8 bytes).
    Removing rtx_timer.o(.text.osTimerDelete), (52 bytes).
    Removing rtx_timer.o(.ARM.exidx.text.osTimerDelete), (8 bytes).
    Removing rtx_timer.o(.text.svcRtxTimerNew), (196 bytes).
    Removing rtx_timer.o(.ARM.exidx.text.svcRtxTimerNew), (8 bytes).
    Removing rtx_timer.o(.text.svcRtxTimerStart), (192 bytes).
    Removing rtx_timer.o(.ARM.exidx.text.svcRtxTimerStart), (8 bytes).
    Removing rtx_timer.o(.text.svcRtxTimerStop), (92 bytes).
    Removing rtx_timer.o(.ARM.exidx.text.svcRtxTimerStop), (8 bytes).
    Removing rtx_timer.o(.text.svcRtxTimerIsRunning), (34 bytes).
    Removing rtx_timer.o(.ARM.exidx.text.svcRtxTimerIsRunning), (8 bytes).
    Removing rtx_timer.o(.text.svcRtxTimerDelete), (124 bytes).
    Removing rtx_timer.o(.ARM.exidx.text.svcRtxTimerDelete), (8 bytes).
    Removing rtx_config.o(.text), (0 bytes).
    Removing rtx_config.o(.ARM.exidx.text.osRtxIdleThread), (8 bytes).
    Removing rtx_config.o(.ARM.exidx.text.osRtxErrorNotify), (8 bytes).
    Removing os_systick.o(.text), (0 bytes).
    Removing os_systick.o(.ARM.exidx.text.OS_Tick_Setup), (8 bytes).
    Removing os_systick.o(.ARM.exidx.text.OS_Tick_Enable), (8 bytes).
    Removing os_systick.o(.text.OS_Tick_Disable), (40 bytes).
    Removing os_systick.o(.ARM.exidx.text.OS_Tick_Disable), (8 bytes).
    Removing os_systick.o(.ARM.exidx.text.OS_Tick_AcknowledgeIRQ), (8 bytes).
    Removing os_systick.o(.ARM.exidx.text.OS_Tick_GetIRQn), (8 bytes).
    Removing os_systick.o(.text.OS_Tick_GetClock), (12 bytes).
    Removing os_systick.o(.ARM.exidx.text.OS_Tick_GetClock), (8 bytes).
    Removing os_systick.o(.text.OS_Tick_GetInterval), (12 bytes).
    Removing os_systick.o(.ARM.exidx.text.OS_Tick_GetInterval), (8 bytes).
    Removing os_systick.o(.text.OS_Tick_GetCount), (24 bytes).
    Removing os_systick.o(.ARM.exidx.text.OS_Tick_GetCount), (8 bytes).
    Removing os_systick.o(.text.OS_Tick_GetOverflow), (16 bytes).
    Removing os_systick.o(.ARM.exidx.text.OS_Tick_GetOverflow), (8 bytes).
    Removing startup_cmsdk_cm0plus.o(.text), (0 bytes).
    Removing startup_cmsdk_cm0plus.o(.ARM.exidx.text.Default_Handler), (8 bytes).
    Removing startup_cmsdk_cm0plus.o(.ARM.exidx.text.Reset_Handler), (8 bytes).
    Removing startup_cmsdk_cm0plus.o(.ARM.exidx.text.HardFault_Handler), (8 bytes).
    Removing system_cmsdk_cm0plus.o(.text), (0 bytes).
    Removing system_cmsdk_cm0plus.o(.text.SystemCoreClockUpdate), (16 bytes).
    Removing system_cmsdk_cm0plus.o(.ARM.exidx.text.SystemCoreClockUpdate), (8 bytes).
    Removing system_cmsdk_cm0plus.o(.ARM.exidx.text.SystemInit), (8 bytes).

763 unused section(s) (total 18566 bytes) removed from the image.

==============================================================================

Image Symbol Table

    Local Symbols

    Symbol Name                              Value     Ov Type        Size  Object(Section)

    ../clib/division.s                       0x00000000   Number         0  aeabi_sdivfast.o ABSOLUTE
    ../clib/division.s                       0x00000000   Number         0  aeabi_sdivfast_div0.o ABSOLUTE
    ../clib/microlib/division.c              0x00000000   Number         0  uidiv.o ABSOLUTE
    ../clib/microlib/division.c              0x00000000   Number         0  uidiv_div0.o ABSOLUTE
    ../clib/microlib/division.c              0x00000000   Number         0  idiv_div0.o ABSOLUTE
    ../clib/microlib/division.c              0x00000000   Number         0  idiv0.o ABSOLUTE
    ../clib/microlib/init/entry.s            0x00000000   Number         0  entry.o ABSOLUTE
    ../clib/microlib/init/entry.s            0x00000000   Number         0  entry4.o ABSOLUTE
    ../clib/microlib/init/entry.s            0x00000000   Number         0  entry5.o ABSOLUTE
    ../clib/microlib/init/entry.s            0x00000000   Number         0  entry7a.o ABSOLUTE
    ../clib/microlib/init/entry.s            0x00000000   Number         0  entry7b.o ABSOLUTE
    ../clib/microlib/init/entry.s            0x00000000   Number         0  entry8a.o ABSOLUTE
    ../clib/microlib/init/entry.s            0x00000000   Number         0  entry8b.o ABSOLUTE
    ../clib/microlib/init/entry.s            0x00000000   Number         0  entry9a.o ABSOLUTE
    ../clib/microlib/init/entry.s            0x00000000   Number         0  entry9b.o ABSOLUTE
    ../clib/microlib/init/entry.s            0x00000000   Number         0  entry10a.o ABSOLUTE
    ../clib/microlib/init/entry.s            0x00000000   Number         0  entry10b.o ABSOLUTE
    ../clib/microlib/init/entry.s            0x00000000   Number         0  entry11a.o ABSOLUTE
    ../clib/microlib/init/entry.s            0x00000000   Number         0  entry11b.o ABSOLUTE
    ../clib/microlib/string/memcpy.c         0x00000000   Number         0  memcpya.o ABSOLUTE
    ../clib/microlib/string/memcpy.c         0x00000000   Number         0  memcpyb.o ABSOLUTE
    ../clib/microlib/string/memset.c         0x00000000   Number         0  memseta.o ABSOLUTE
    Blinky.c                                 0x00000000   Number         0  blinky.o ABSOLUTE
    RTX_Config.c                             0x00000000   Number         0  rtx_config.o ABSOLUTE
    dc.s                                     0x00000000   Number         0  dc.o ABSOLUTE
    handlers.s                               0x00000000   Number         0  handlers.o ABSOLUTE
    init.s                                   0x00000000   Number         0  init.o ABSOLUTE
    os_systick.c                             0x00000000   Number         0  os_systick.o ABSOLUTE
    rtx_delay.c                              0x00000000   Number         0  rtx_delay.o ABSOLUTE
    rtx_evflags.c                            0x00000000   Number         0  rtx_evflags.o ABSOLUTE
    rtx_evr.c                                0x00000000   Number         0  rtx_evr.o ABSOLUTE
    rtx_kernel.c                             0x00000000   Number         0  rtx_kernel.o ABSOLUTE
    rtx_lib.c                                0x00000000   Number         0  rtx_lib.o ABSOLUTE
    rtx_memory.c                             0x00000000   Number         0  rtx_memory.o ABSOLUTE
    rtx_mempool.c                            0x00000000   Number         0  rtx_mempool.o ABSOLUTE
    rtx_msgqueue.c                           0x00000000   Number         0  rtx_msgqueue.o ABSOLUTE
    rtx_mutex.c                              0x00000000   Number         0  rtx_mutex.o ABSOLUTE
    rtx_semaphore.c                          0x00000000   Number         0  rtx_semaphore.o ABSOLUTE
    rtx_system.c                             0x00000000   Number         0  rtx_system.o ABSOLUTE
    rtx_thread.c                             0x00000000   Number         0  rtx_thread.o ABSOLUTE
    rtx_timer.c                              0x00000000   Number         0  rtx_timer.o ABSOLUTE
    startup_CMSDK_CM0plus.c                  0x00000000   Number         0  startup_cmsdk_cm0plus.o ABSOLUTE
    system_CMSDK_CM0plus.c                   0x00000000   Number         0  system_cmsdk_cm0plus.o ABSOLUTE
    osRtxErrorStackOverflow                  0x00000001   Number         0  irq_armv6m.o ABSOLUTE
    osRtxErrorSVC                            0x00000006   Number         0  irq_armv6m.o ABSOLUTE
    I_T_RUN_OFS                              0x00000014   Number         0  irq_armv6m.o ABSOLUTE
    TCB_SP_OFS                               0x00000038   Number         0  irq_armv6m.o ABSOLUTE
    TCB_ZONE_OFS                             0x00000044   Number         0  irq_armv6m.o ABSOLUTE
    __tagsym$$used.0                         0x08000000   Number         0  startup_cmsdk_cm0plus.o(RESET)
    .ARM.Collect$$$$00000000                 0x080000c0   Section        0  entry.o(.ARM.Collect$$$$00000000)
    .ARM.Collect$$$$00000003                 0x080000c0   Section        4  entry4.o(.ARM.Collect$$$$00000003)
    .ARM.Collect$$$$00000004                 0x080000c4   Section        4  entry5.o(.ARM.Collect$$$$00000004)
    .ARM.Collect$$$$00000008                 0x080000c8   Section        0  entry7b.o(.ARM.Collect$$$$00000008)
    .ARM.Collect$$$$0000000A                 0x080000c8   Section        0  entry8b.o(.ARM.Collect$$$$0000000A)
    .ARM.Collect$$$$0000000B                 0x080000c8   Section        8  entry9a.o(.ARM.Collect$$$$0000000B)
    __lit__00000000                          0x080000d0   Data           4  entry4.o(.ARM.Collect$$$$00002714)
    .ARM.Collect$$$$0000000D                 0x080000d0   Section        0  entry10a.o(.ARM.Collect$$$$0000000D)
    .ARM.Collect$$$$0000000F                 0x080000d0   Section        0  entry11a.o(.ARM.Collect$$$$0000000F)
    .ARM.Collect$$$$00002714                 0x080000d0   Section        4  entry4.o(.ARM.Collect$$$$00002714)
    [Anonymous Symbol]                       0x080000d4   Section        0  irq_armv6m.o(.text)
    SVC_Number                               0x080000de   Number         0  irq_armv6m.o(.text)
    SVC_Context                              0x080000f4   Number         0  irq_armv6m.o(.text)
    SVC_ContextSave                          0x08000104   Number         0  irq_armv6m.o(.text)
    SVC_ContextRestore                       0x08000118   Number         0  irq_armv6m.o(.text)
    SVC_ContextRestore_N                     0x0800011a   Number         0  irq_armv6m.o(.text)
    SVC_MSP                                  0x08000136   Number         0  irq_armv6m.o(.text)
    SVC_Exit                                 0x0800013c   Number         0  irq_armv6m.o(.text)
    SVC_User                                 0x0800013e   Number         0  irq_armv6m.o(.text)
    .text                                    0x08000178   Section        0  memcpya.o(.text)
    .text                                    0x0800019c   Section        0  memseta.o(.text)
    .text                                    0x080001c0   Section        0  uidiv_div0.o(.text)
    .text                                    0x08000200   Section       48  init.o(.text)
    [Anonymous Symbol]                       0x08000230   Section        0  startup_cmsdk_cm0plus.o(.text.Default_Handler)
    [Anonymous Symbol]                       0x08000232   Section        0  rtx_evr.o(.text.EvrRtxDelay)
    [Anonymous Symbol]                       0x08000234   Section        0  rtx_evr.o(.text.EvrRtxDelayCompleted)
    [Anonymous Symbol]                       0x08000236   Section        0  rtx_evr.o(.text.EvrRtxDelayError)
    [Anonymous Symbol]                       0x08000238   Section        0  rtx_evr.o(.text.EvrRtxDelayStarted)
    [Anonymous Symbol]                       0x0800023a   Section        0  rtx_evr.o(.text.EvrRtxEventFlagsWaitTimeout)
    [Anonymous Symbol]                       0x0800023c   Section        0  rtx_evr.o(.text.EvrRtxKernelError)
    [Anonymous Symbol]                       0x0800023e   Section        0  rtx_evr.o(.text.EvrRtxKernelErrorNotify)
    [Anonymous Symbol]                       0x08000240   Section        0  rtx_evr.o(.text.EvrRtxKernelGetState)
    [Anonymous Symbol]                       0x08000242   Section        0  rtx_evr.o(.text.EvrRtxKernelInitialize)
    [Anonymous Symbol]                       0x08000244   Section        0  rtx_evr.o(.text.EvrRtxKernelInitialized)
    [Anonymous Symbol]                       0x08000246   Section        0  rtx_evr.o(.text.EvrRtxKernelStart)
    [Anonymous Symbol]                       0x08000248   Section        0  rtx_evr.o(.text.EvrRtxKernelStarted)
    [Anonymous Symbol]                       0x0800024a   Section        0  rtx_evr.o(.text.EvrRtxMemoryAlloc)
    [Anonymous Symbol]                       0x0800024c   Section        0  rtx_evr.o(.text.EvrRtxMemoryBlockAlloc)
    [Anonymous Symbol]                       0x0800024e   Section        0  rtx_evr.o(.text.EvrRtxMemoryBlockFree)
    [Anonymous Symbol]                       0x08000250   Section        0  rtx_evr.o(.text.EvrRtxMemoryBlockInit)
    [Anonymous Symbol]                       0x08000252   Section        0  rtx_evr.o(.text.EvrRtxMemoryFree)
    [Anonymous Symbol]                       0x08000254   Section        0  rtx_evr.o(.text.EvrRtxMemoryInit)
    [Anonymous Symbol]                       0x08000256   Section        0  rtx_evr.o(.text.EvrRtxMemoryPoolAllocTimeout)
    [Anonymous Symbol]                       0x08000258   Section        0  rtx_evr.o(.text.EvrRtxMessageQueueCreated)
    [Anonymous Symbol]                       0x0800025a   Section        0  rtx_evr.o(.text.EvrRtxMessageQueueError)
    [Anonymous Symbol]                       0x0800025c   Section        0  rtx_evr.o(.text.EvrRtxMessageQueueGet)
    [Anonymous Symbol]                       0x0800025e   Section        0  rtx_evr.o(.text.EvrRtxMessageQueueGetPending)
    [Anonymous Symbol]                       0x08000260   Section        0  rtx_evr.o(.text.EvrRtxMessageQueueGetTimeout)
    [Anonymous Symbol]                       0x08000262   Section        0  rtx_evr.o(.text.EvrRtxMessageQueueInsertPending)
    [Anonymous Symbol]                       0x08000264   Section        0  rtx_evr.o(.text.EvrRtxMessageQueueInserted)
    [Anonymous Symbol]                       0x08000266   Section        0  rtx_evr.o(.text.EvrRtxMessageQueueNotInserted)
    [Anonymous Symbol]                       0x08000268   Section        0  rtx_evr.o(.text.EvrRtxMessageQueueNotRetrieved)
    [Anonymous Symbol]                       0x0800026a   Section        0  rtx_evr.o(.text.EvrRtxMessageQueuePut)
    [Anonymous Symbol]                       0x0800026c   Section        0  rtx_evr.o(.text.EvrRtxMessageQueuePutPending)
    [Anonymous Symbol]                       0x0800026e   Section        0  rtx_evr.o(.text.EvrRtxMessageQueuePutTimeout)
    [Anonymous Symbol]                       0x08000270   Section        0  rtx_evr.o(.text.EvrRtxMessageQueueRetrieved)
    [Anonymous Symbol]                       0x08000272   Section        0  rtx_evr.o(.text.EvrRtxMutexAcquireTimeout)
    [Anonymous Symbol]                       0x08000274   Section        0  rtx_evr.o(.text.EvrRtxMutexAcquired)
    [Anonymous Symbol]                       0x08000276   Section        0  rtx_evr.o(.text.EvrRtxMutexReleased)
    [Anonymous Symbol]                       0x08000278   Section        0  rtx_evr.o(.text.EvrRtxSemaphoreAcquireTimeout)
    [Anonymous Symbol]                       0x0800027a   Section        0  rtx_evr.o(.text.EvrRtxThreadBlocked)
    [Anonymous Symbol]                       0x0800027c   Section        0  rtx_evr.o(.text.EvrRtxThreadCreated)
    [Anonymous Symbol]                       0x0800027e   Section        0  rtx_evr.o(.text.EvrRtxThreadDestroyed)
    [Anonymous Symbol]                       0x08000280   Section        0  rtx_evr.o(.text.EvrRtxThreadError)
    [Anonymous Symbol]                       0x08000282   Section        0  rtx_evr.o(.text.EvrRtxThreadExit)
    [Anonymous Symbol]                       0x08000284   Section        0  rtx_evr.o(.text.EvrRtxThreadFlagsWaitCompleted)
    [Anonymous Symbol]                       0x08000286   Section        0  rtx_evr.o(.text.EvrRtxThreadFlagsWaitTimeout)
    [Anonymous Symbol]                       0x08000288   Section        0  rtx_evr.o(.text.EvrRtxThreadJoined)
    [Anonymous Symbol]                       0x0800028a   Section        0  rtx_evr.o(.text.EvrRtxThreadNew)
    [Anonymous Symbol]                       0x0800028c   Section        0  rtx_evr.o(.text.EvrRtxThreadPreempted)
    [Anonymous Symbol]                       0x0800028e   Section        0  rtx_evr.o(.text.EvrRtxThreadSwitched)
    [Anonymous Symbol]                       0x08000290   Section        0  rtx_evr.o(.text.EvrRtxThreadUnblocked)
    [Anonymous Symbol]                       0x08000292   Section        0  rtx_evr.o(.text.EvrRtxTimerCallback)
    [Anonymous Symbol]                       0x08000294   Section        0  startup_cmsdk_cm0plus.o(.text.HardFault_Handler)
    [Anonymous Symbol]                       0x08000298   Section        0  os_systick.o(.text.OS_Tick_AcknowledgeIRQ)
    [Anonymous Symbol]                       0x080002a0   Section        0  os_systick.o(.text.OS_Tick_Enable)
    __arm_cp.1_1                             0x080002c0   Number         4  os_systick.o(.text.OS_Tick_Enable)
    [Anonymous Symbol]                       0x080002c4   Section        0  os_systick.o(.text.OS_Tick_GetIRQn)
    [Anonymous Symbol]                       0x080002cc   Section        0  os_systick.o(.text.OS_Tick_Setup)
    __arm_cp.0_1                             0x08000308   Number         4  os_systick.o(.text.OS_Tick_Setup)
    __arm_cp.0_2                             0x0800030c   Number         4  os_systick.o(.text.OS_Tick_Setup)
    __arm_cp.0_3                             0x08000310   Number         4  os_systick.o(.text.OS_Tick_Setup)
    [Anonymous Symbol]                       0x08000314   Section        0  startup_cmsdk_cm0plus.o(.text.Reset_Handler)
    [Anonymous Symbol]                       0x0800031c   Section        0  system_cmsdk_cm0plus.o(.text.SystemInit)
    __arm_cp.1_0                             0x0800032c   Number         4  system_cmsdk_cm0plus.o(.text.SystemInit)
    __arm_cp.1_1                             0x08000330   Number         4  system_cmsdk_cm0plus.o(.text.SystemInit)
    __arm_cp.1_2                             0x08000334   Number         4  system_cmsdk_cm0plus.o(.text.SystemInit)
    __arm_cp.1_3                             0x08000338   Number         4  system_cmsdk_cm0plus.o(.text.SystemInit)
    [Anonymous Symbol]                       0x0800033c   Section        0  blinky.o(.text.main)
    __arm_cp.2_0                             0x0800036c   Number         4  blinky.o(.text.main)
    __arm_cp.2_1                             0x08000370   Number         4  blinky.o(.text.main)
    __arm_cp.2_2                             0x08000374   Number         4  blinky.o(.text.main)
    [Anonymous Symbol]                       0x08000378   Section        0  rtx_delay.o(.text.osDelay)
    __arm_cp.0_0                             0x080003a8   Number         4  rtx_delay.o(.text.osDelay)
    [Anonymous Symbol]                       0x080003ac   Section        0  rtx_kernel.o(.text.osKernelGetState)
    __arm_cp.5_0                             0x080003dc   Number         4  rtx_kernel.o(.text.osKernelGetState)
    __arm_cp.5_1                             0x080003e0   Number         4  rtx_kernel.o(.text.osKernelGetState)
    [Anonymous Symbol]                       0x080003e4   Section        0  rtx_kernel.o(.text.osKernelInitialize)
    __arm_cp.2_0                             0x08000414   Number         4  rtx_kernel.o(.text.osKernelInitialize)
    [Anonymous Symbol]                       0x08000418   Section        0  rtx_kernel.o(.text.osKernelStart)
    __arm_cp.7_0                             0x08000444   Number         4  rtx_kernel.o(.text.osKernelStart)
    [Anonymous Symbol]                       0x08000448   Section        0  rtx_msgqueue.o(.text.osMessageQueueGet)
    __arm_cp.6_0                             0x0800051c   Number         4  rtx_msgqueue.o(.text.osMessageQueueGet)
    [Anonymous Symbol]                       0x08000520   Section        0  rtx_msgqueue.o(.text.osMessageQueuePut)
    __arm_cp.5_0                             0x080005bc   Number         4  rtx_msgqueue.o(.text.osMessageQueuePut)
    [Anonymous Symbol]                       0x080005c0   Section        0  rtx_config.o(.text.osRtxErrorNotify)
    [Anonymous Symbol]                       0x080005c2   Section        0  rtx_config.o(.text.osRtxIdleThread)
    [Anonymous Symbol]                       0x080005c4   Section        0  rtx_kernel.o(.text.osRtxKernelBeforeInit)
    [Anonymous Symbol]                       0x080005c6   Section        0  rtx_kernel.o(.text.osRtxKernelErrorNotify)
    [Anonymous Symbol]                       0x080005da   Section        0  rtx_memory.o(.text.osRtxMemoryAlloc)
    [Anonymous Symbol]                       0x0800065a   Section        0  rtx_memory.o(.text.osRtxMemoryFree)
    [Anonymous Symbol]                       0x080006ac   Section        0  rtx_memory.o(.text.osRtxMemoryInit)
    [Anonymous Symbol]                       0x080006e8   Section        0  rtx_mempool.o(.text.osRtxMemoryPoolAlloc)
    [Anonymous Symbol]                       0x0800071a   Section        0  rtx_mempool.o(.text.osRtxMemoryPoolFree)
    [Anonymous Symbol]                       0x08000756   Section        0  rtx_mempool.o(.text.osRtxMemoryPoolInit)
    osRtxMessageQueuePostProcess             0x080007ad   Thumb Code   428  rtx_msgqueue.o(.text.osRtxMessageQueuePostProcess)
    [Anonymous Symbol]                       0x080007ac   Section        0  rtx_msgqueue.o(.text.osRtxMessageQueuePostProcess)
    [Anonymous Symbol]                       0x08000958   Section        0  rtx_msgqueue.o(.text.osRtxMessageQueueTimerSetup)
    __arm_cp.0_0                             0x08000978   Number         4  rtx_msgqueue.o(.text.osRtxMessageQueueTimerSetup)
    [Anonymous Symbol]                       0x0800097c   Section        0  rtx_mutex.o(.text.osRtxMutexOwnerRelease)
    [Anonymous Symbol]                       0x080009d8   Section        0  rtx_mutex.o(.text.osRtxMutexOwnerRestore)
    [Anonymous Symbol]                       0x08000a2c   Section        0  rtx_system.o(.text.osRtxPendSV_Handler)
    __arm_cp.1_0                             0x08000a8c   Number         4  rtx_system.o(.text.osRtxPendSV_Handler)
    [Anonymous Symbol]                       0x08000ab4   Section        0  rtx_system.o(.text.osRtxPostProcess)
    __arm_cp.2_1                             0x08000b28   Number         4  rtx_system.o(.text.osRtxPostProcess)
    [Anonymous Symbol]                       0x08000b2c   Section        0  rtx_thread.o(.text.osRtxThreadBeforeFree)
    [Anonymous Symbol]                       0x08000b30   Section        0  rtx_thread.o(.text.osRtxThreadDelayTick)
    __arm_cp.6_0                             0x08000c74   Number         4  rtx_thread.o(.text.osRtxThreadDelayTick)
    [Anonymous Symbol]                       0x08000c78   Section        0  rtx_thread.o(.text.osRtxThreadDispatch)
    osRtxThreadFree                          0x08000d89   Thumb Code    80  rtx_thread.o(.text.osRtxThreadFree)
    [Anonymous Symbol]                       0x08000d88   Section        0  rtx_thread.o(.text.osRtxThreadFree)
    __arm_cp.14_0                            0x08000dd8   Number         4  rtx_thread.o(.text.osRtxThreadFree)
    [Anonymous Symbol]                       0x08000ddc   Section        0  rtx_thread.o(.text.osRtxThreadListGet)
    [Anonymous Symbol]                       0x08000df0   Section        0  rtx_thread.o(.text.osRtxThreadListPut)
    [Anonymous Symbol]                       0x08000e1a   Section        0  rtx_thread.o(.text.osRtxThreadListRemove)
    [Anonymous Symbol]                       0x08000e32   Section        0  rtx_thread.o(.text.osRtxThreadListSort)
    osRtxThreadPostProcess                   0x08000e99   Thumb Code   138  rtx_thread.o(.text.osRtxThreadPostProcess)
    [Anonymous Symbol]                       0x08000e98   Section        0  rtx_thread.o(.text.osRtxThreadPostProcess)
    [Anonymous Symbol]                       0x08000f24   Section        0  rtx_thread.o(.text.osRtxThreadReadyPut)
    [Anonymous Symbol]                       0x08000f58   Section        0  rtx_thread.o(.text.osRtxThreadRegPtr)
    [Anonymous Symbol]                       0x08000f60   Section        0  rtx_thread.o(.text.osRtxThreadStartup)
    __arm_cp.16_0                            0x08000fa0   Number         4  rtx_thread.o(.text.osRtxThreadStartup)
    __arm_cp.16_1                            0x08000fa4   Number         4  rtx_thread.o(.text.osRtxThreadStartup)
    [Anonymous Symbol]                       0x08000fa8   Section        0  rtx_thread.o(.text.osRtxThreadSwitch)
    __arm_cp.8_0                             0x08000fd0   Number         4  rtx_thread.o(.text.osRtxThreadSwitch)
    [Anonymous Symbol]                       0x08000fd4   Section        0  rtx_thread.o(.text.osRtxThreadWaitEnter)
    [Anonymous Symbol]                       0x080010b0   Section        0  rtx_thread.o(.text.osRtxThreadWaitExit)
    __arm_cp.10_0                            0x08001138   Number         4  rtx_thread.o(.text.osRtxThreadWaitExit)
    [Anonymous Symbol]                       0x0800113c   Section        0  rtx_system.o(.text.osRtxTick_Handler)
    [Anonymous Symbol]                       0x080011bc   Section        0  rtx_timer.o(.text.osRtxTimerSetup)
    __arm_cp.0_1                             0x080011d8   Number         4  rtx_timer.o(.text.osRtxTimerSetup)
    [Anonymous Symbol]                       0x080011dc   Section        0  rtx_timer.o(.text.osRtxTimerThread)
    osRtxTimerTick                           0x08001201   Thumb Code   196  rtx_timer.o(.text.osRtxTimerTick)
    [Anonymous Symbol]                       0x08001200   Section        0  rtx_timer.o(.text.osRtxTimerTick)
    __arm_cp.1_0                             0x080012c4   Number         4  rtx_timer.o(.text.osRtxTimerTick)
    osThreadEntry                            0x080012c9   Thumb Code     6  rtx_thread.o(.text.osThreadEntry)
    [Anonymous Symbol]                       0x080012c8   Section        0  rtx_thread.o(.text.osThreadEntry)
    [Anonymous Symbol]                       0x080012d0   Section        0  rtx_thread.o(.text.osThreadExit)
    __arm_cp.37_0                            0x080012e4   Number         4  rtx_thread.o(.text.osThreadExit)
    [Anonymous Symbol]                       0x080012e8   Section        0  rtx_thread.o(.text.osThreadNew)
    __arm_cp.18_0                            0x08001328   Number         4  rtx_thread.o(.text.osThreadNew)
    svcRtxDelay                              0x0800132d   Thumb Code    52  rtx_delay.o(.text.svcRtxDelay)
    [Anonymous Symbol]                       0x0800132c   Section        0  rtx_delay.o(.text.svcRtxDelay)
    svcRtxKernelGetState                     0x08001361   Thumb Code    16  rtx_kernel.o(.text.svcRtxKernelGetState)
    [Anonymous Symbol]                       0x08001360   Section        0  rtx_kernel.o(.text.svcRtxKernelGetState)
    __arm_cp.6_0                             0x08001370   Number         4  rtx_kernel.o(.text.svcRtxKernelGetState)
    svcRtxKernelInitialize                   0x08001375   Thumb Code   328  rtx_kernel.o(.text.svcRtxKernelInitialize)
    [Anonymous Symbol]                       0x08001374   Section        0  rtx_kernel.o(.text.svcRtxKernelInitialize)
    __arm_cp.25_0                            0x080014bc   Number         4  rtx_kernel.o(.text.svcRtxKernelInitialize)
    svcRtxKernelStart                        0x080014c1   Thumb Code   116  rtx_kernel.o(.text.svcRtxKernelStart)
    [Anonymous Symbol]                       0x080014c0   Section        0  rtx_kernel.o(.text.svcRtxKernelStart)
    __arm_cp.26_0                            0x08001534   Number         4  rtx_kernel.o(.text.svcRtxKernelStart)
    __arm_cp.26_1                            0x08001538   Number         4  rtx_kernel.o(.text.svcRtxKernelStart)
    __arm_cp.26_2                            0x0800153c   Number         4  rtx_kernel.o(.text.svcRtxKernelStart)
    __arm_cp.26_3                            0x08001540   Number         4  rtx_kernel.o(.text.svcRtxKernelStart)
    svcRtxMessageQueueGet                    0x08001545   Thumb Code   428  rtx_msgqueue.o(.text.svcRtxMessageQueueGet)
    [Anonymous Symbol]                       0x08001544   Section        0  rtx_msgqueue.o(.text.svcRtxMessageQueueGet)
    __arm_cp.19_0                            0x080016f0   Number         4  rtx_msgqueue.o(.text.svcRtxMessageQueueGet)
    svcRtxMessageQueueNew                    0x080016f5   Thumb Code   496  rtx_msgqueue.o(.text.svcRtxMessageQueueNew)
    [Anonymous Symbol]                       0x080016f4   Section        0  rtx_msgqueue.o(.text.svcRtxMessageQueueNew)
    __arm_cp.1_0                             0x080018e4   Number         4  rtx_msgqueue.o(.text.svcRtxMessageQueueNew)
    __arm_cp.1_1                             0x080018e8   Number         4  rtx_msgqueue.o(.text.svcRtxMessageQueueNew)
    __arm_cp.1_2                             0x080018ec   Number         4  rtx_msgqueue.o(.text.svcRtxMessageQueueNew)
    __arm_cp.1_3                             0x080018f0   Number         4  rtx_msgqueue.o(.text.svcRtxMessageQueueNew)
    __arm_cp.1_5                             0x080018f4   Number         4  rtx_msgqueue.o(.text.svcRtxMessageQueueNew)
    svcRtxMessageQueuePut                    0x080018f9   Thumb Code   316  rtx_msgqueue.o(.text.svcRtxMessageQueuePut)
    [Anonymous Symbol]                       0x080018f8   Section        0  rtx_msgqueue.o(.text.svcRtxMessageQueuePut)
    __arm_cp.18_0                            0x08001a34   Number         4  rtx_msgqueue.o(.text.svcRtxMessageQueuePut)
    svcRtxThreadExit                         0x08001a39   Thumb Code   156  rtx_thread.o(.text.svcRtxThreadExit)
    [Anonymous Symbol]                       0x08001a38   Section        0  rtx_thread.o(.text.svcRtxThreadExit)
    __arm_cp.66_0                            0x08001ad4   Number         4  rtx_thread.o(.text.svcRtxThreadExit)
    svcRtxThreadNew                          0x08001ad9   Thumb Code   580  rtx_thread.o(.text.svcRtxThreadNew)
    [Anonymous Symbol]                       0x08001ad8   Section        0  rtx_thread.o(.text.svcRtxThreadNew)
    __arm_cp.17_0                            0x08001d1c   Number         4  rtx_thread.o(.text.svcRtxThreadNew)
    __arm_cp.17_1                            0x08001d20   Number         4  rtx_thread.o(.text.svcRtxThreadNew)
    __arm_cp.17_2                            0x08001d24   Number         4  rtx_thread.o(.text.svcRtxThreadNew)
    __arm_cp.17_3                            0x08001d28   Number         4  rtx_thread.o(.text.svcRtxThreadNew)
    __arm_cp.17_4                            0x08001d2c   Number         4  rtx_thread.o(.text.svcRtxThreadNew)
    __arm_cp.17_5                            0x08001d30   Number         4  rtx_thread.o(.text.svcRtxThreadNew)
    [Anonymous Symbol]                       0x08001d34   Section        0  blinky.o(.text.test_task)
    __arm_cp.1_0                             0x08001d58   Number         4  blinky.o(.text.test_task)
    __arm_cp.1_1                             0x08001d5c   Number         4  blinky.o(.text.test_task)
    i.__scatterload_copy                     0x08001d60   Section       14  handlers.o(i.__scatterload_copy)
    i.__scatterload_null                     0x08001d6e   Section        2  handlers.o(i.__scatterload_null)
    i.__scatterload_zeroinit                 0x08001d70   Section       14  handlers.o(i.__scatterload_zeroinit)
    __tagsym$$used.0                         0x08001d80   Number         0  rtx_lib.o(.rodata)
    __tagsym$$used.1                         0x08001df0   Number         0  rtx_lib.o(.rodata)
    os_idle_thread_attr                      0x08001e2c   Data          36  rtx_lib.o(.rodata.os_idle_thread_attr)
    [Anonymous Symbol]                       0x08001e2c   Section        0  rtx_lib.o(.rodata.os_idle_thread_attr)
    os_timer_mq_attr                         0x08001e50   Data          24  rtx_lib.o(.rodata.os_timer_mq_attr)
    [Anonymous Symbol]                       0x08001e50   Section        0  rtx_lib.o(.rodata.os_timer_mq_attr)
    os_timer_thread_attr                     0x08001e68   Data          36  rtx_lib.o(.rodata.os_timer_thread_attr)
    [Anonymous Symbol]                       0x08001e68   Section        0  rtx_lib.o(.rodata.os_timer_thread_attr)
    [Anonymous Symbol]                       0x08001e8c   Section        0  blinky.o(.rodata.str1.1)
    [Anonymous Symbol]                       0x08001ec0   Section        0  rtx_kernel.o(.rodata.str1.4)
    os_isr_queue                             0x200000a8   Data          64  rtx_lib.o(.bss.os)
    [Anonymous Symbol]                       0x200000a8   Section        0  rtx_lib.o(.bss.os)
    os_mem                                   0x200000e8   Data        6000  rtx_lib.o(.bss.os)
    PendST                                   0x20001858   Data           1  os_systick.o(.bss.os)
    [Anonymous Symbol]                       0x20001858   Section        0  os_systick.o(.bss.os)
    os_timer_mq_cb                           0x2000185c   Data          52  rtx_lib.o(.bss.os.msgqueue.cb)
    [Anonymous Symbol]                       0x2000185c   Section        0  rtx_lib.o(.bss.os.msgqueue.cb)
    os_timer_mq_data                         0x20001890   Data          80  rtx_lib.o(.bss.os.msgqueue.mem)
    [Anonymous Symbol]                       0x20001890   Section        0  rtx_lib.o(.bss.os.msgqueue.mem)
    os_idle_thread_cb                        0x200018e0   Data          80  rtx_lib.o(.bss.os.thread.cb)
    [Anonymous Symbol]                       0x200018e0   Section        0  rtx_lib.o(.bss.os.thread.cb)
    os_timer_thread_cb                       0x20001930   Data          80  rtx_lib.o(.bss.os.thread.cb)
    os_idle_thread_stack                     0x20001980   Data         512  rtx_lib.o(.bss.os.thread.idle.stack)
    [Anonymous Symbol]                       0x20001980   Section        0  rtx_lib.o(.bss.os.thread.idle.stack)
    os_timer_thread_stack                    0x20001b80   Data         512  rtx_lib.o(.bss.os.thread.timer.stack)
    [Anonymous Symbol]                       0x20001b80   Section        0  rtx_lib.o(.bss.os.thread.timer.stack)

    Global Symbols

    Symbol Name                              Value     Ov Type        Size  Object(Section)

    BuildAttributes$$THM_ISAv3M$S$PE$A:L22$X:L11$S22$IEEE1$IW$USESV6$~STKCKD$USESV7$~SHL$OTIME$EBA8$MICROLIB$REQ8$PRES8$EABIv2 0x00000000   Number         0  anon$$obj.o ABSOLUTE
    .bss.os.evflags.cb$$Base                  - Undefined Weak Reference
    .bss.os.evflags.cb$$Limit                 - Undefined Weak Reference
    .bss.os.mempool.cb$$Base                  - Undefined Weak Reference
    .bss.os.mempool.cb$$Limit                 - Undefined Weak Reference
    .bss.os.mutex.cb$$Base                    - Undefined Weak Reference
    .bss.os.mutex.cb$$Limit                   - Undefined Weak Reference
    .bss.os.semaphore.cb$$Base                - Undefined Weak Reference
    .bss.os.semaphore.cb$$Limit               - Undefined Weak Reference
    .bss.os.timer.cb$$Base                    - Undefined Weak Reference
    .bss.os.timer.cb$$Limit                   - Undefined Weak Reference
    __cpp_initialize__aeabi_                  - Undefined Weak Reference
    __cxa_finalize                            - Undefined Weak Reference
    __decompress                              - Undefined Weak Reference
    _clock_init                               - Undefined Weak Reference
    _microlib_exit                            - Undefined Weak Reference
    __Vectors                                0x08000000   Data         192  startup_cmsdk_cm0plus.o(RESET)
    __main                                   0x080000c1   Thumb Code     0  entry.o(.ARM.Collect$$$$00000000)
    _main_stk                                0x080000c1   Thumb Code     0  entry4.o(.ARM.Collect$$$$00000003)
    _main_scatterload                        0x080000c5   Thumb Code     0  entry5.o(.ARM.Collect$$$$00000004)
    __main_after_scatterload                 0x080000c9   Thumb Code     0  entry5.o(.ARM.Collect$$$$00000004)
    _main_clock                              0x080000c9   Thumb Code     0  entry7b.o(.ARM.Collect$$$$00000008)
    _main_cpp_init                           0x080000c9   Thumb Code     0  entry8b.o(.ARM.Collect$$$$0000000A)
    _main_init                               0x080000c9   Thumb Code     0  entry9a.o(.ARM.Collect$$$$0000000B)
    __rt_final_cpp                           0x080000d1   Thumb Code     0  entry10a.o(.ARM.Collect$$$$0000000D)
    __rt_final_exit                          0x080000d1   Thumb Code     0  entry11a.o(.ARM.Collect$$$$0000000F)
    SVC_Handler                              0x080000d5   Thumb Code   132  irq_armv6m.o(.text)
    PendSV_Handler                           0x08000159   Thumb Code    12  irq_armv6m.o(.text)
    SysTick_Handler                          0x08000165   Thumb Code    12  irq_armv6m.o(.text)
    __aeabi_memcpy                           0x08000179   Thumb Code    36  memcpya.o(.text)
    __aeabi_memcpy4                          0x08000179   Thumb Code     0  memcpya.o(.text)
    __aeabi_memcpy8                          0x08000179   Thumb Code     0  memcpya.o(.text)
    __aeabi_memset                           0x0800019d   Thumb Code    14  memseta.o(.text)
    __aeabi_memset4                          0x0800019d   Thumb Code     0  memseta.o(.text)
    __aeabi_memset8                          0x0800019d   Thumb Code     0  memseta.o(.text)
    __aeabi_memclr                           0x080001ab   Thumb Code     4  memseta.o(.text)
    __aeabi_memclr4                          0x080001ab   Thumb Code     0  memseta.o(.text)
    __aeabi_memclr8                          0x080001ab   Thumb Code     0  memseta.o(.text)
    _memset$wrapper                          0x080001af   Thumb Code    18  memseta.o(.text)
    __aeabi_uidiv                            0x080001c1   Thumb Code     0  uidiv_div0.o(.text)
    __aeabi_uidivmod                         0x080001c1   Thumb Code    62  uidiv_div0.o(.text)
    __scatterload                            0x08000201   Thumb Code    38  init.o(.text)
    __scatterload_rt2                        0x08000201   Thumb Code     0  init.o(.text)
    DUALTIMER_Handler                        0x08000231   Thumb Code     2  startup_cmsdk_cm0plus.o(.text.Default_Handler)
    Default_Handler                          0x08000231   Thumb Code     2  startup_cmsdk_cm0plus.o(.text.Default_Handler)
    ETHERNET_Handler                         0x08000231   Thumb Code     2  startup_cmsdk_cm0plus.o(.text.Default_Handler)
    GPIO0ALL_Handler                         0x08000231   Thumb Code     2  startup_cmsdk_cm0plus.o(.text.Default_Handler)
    GPIO0_0_Handler                          0x08000231   Thumb Code     2  startup_cmsdk_cm0plus.o(.text.Default_Handler)
    GPIO0_1_Handler                          0x08000231   Thumb Code     2  startup_cmsdk_cm0plus.o(.text.Default_Handler)
    GPIO0_2_Handler                          0x08000231   Thumb Code     2  startup_cmsdk_cm0plus.o(.text.Default_Handler)
    GPIO0_3_Handler                          0x08000231   Thumb Code     2  startup_cmsdk_cm0plus.o(.text.Default_Handler)
    GPIO0_4_Handler                          0x08000231   Thumb Code     2  startup_cmsdk_cm0plus.o(.text.Default_Handler)
    GPIO0_5_Handler                          0x08000231   Thumb Code     2  startup_cmsdk_cm0plus.o(.text.Default_Handler)
    GPIO0_6_Handler                          0x08000231   Thumb Code     2  startup_cmsdk_cm0plus.o(.text.Default_Handler)
    GPIO0_7_Handler                          0x08000231   Thumb Code     2  startup_cmsdk_cm0plus.o(.text.Default_Handler)
    GPIO1ALL_Handler                         0x08000231   Thumb Code     2  startup_cmsdk_cm0plus.o(.text.Default_Handler)
    GPIO2_Handler                            0x08000231   Thumb Code     2  startup_cmsdk_cm0plus.o(.text.Default_Handler)
    GPIO3_Handler                            0x08000231   Thumb Code     2  startup_cmsdk_cm0plus.o(.text.Default_Handler)
    I2S_Handler                              0x08000231   Thumb Code     2  startup_cmsdk_cm0plus.o(.text.Default_Handler)
    NMI_Handler                              0x08000231   Thumb Code     2  startup_cmsdk_cm0plus.o(.text.Default_Handler)
    SPI_0_1_Handler                          0x08000231   Thumb Code     2  startup_cmsdk_cm0plus.o(.text.Default_Handler)
    SPI_2_Handler                            0x08000231   Thumb Code     2  startup_cmsdk_cm0plus.o(.text.Default_Handler)
    SPI_3_4_Handler                          0x08000231   Thumb Code     2  startup_cmsdk_cm0plus.o(.text.Default_Handler)
    TIMER0_Handler                           0x08000231   Thumb Code     2  startup_cmsdk_cm0plus.o(.text.Default_Handler)
    TIMER1_Handler                           0x08000231   Thumb Code     2  startup_cmsdk_cm0plus.o(.text.Default_Handler)
    TOUCHSCREEN_Handler                      0x08000231   Thumb Code     2  startup_cmsdk_cm0plus.o(.text.Default_Handler)
    UART0RX_Handler                          0x08000231   Thumb Code     2  startup_cmsdk_cm0plus.o(.text.Default_Handler)
    UART0TX_Handler                          0x08000231   Thumb Code     2  startup_cmsdk_cm0plus.o(.text.Default_Handler)
    UART1RX_Handler                          0x08000231   Thumb Code     2  startup_cmsdk_cm0plus.o(.text.Default_Handler)
    UART1TX_Handler                          0x08000231   Thumb Code     2  startup_cmsdk_cm0plus.o(.text.Default_Handler)
    UART2RX_Handler                          0x08000231   Thumb Code     2  startup_cmsdk_cm0plus.o(.text.Default_Handler)
    UART2TX_Handler                          0x08000231   Thumb Code     2  startup_cmsdk_cm0plus.o(.text.Default_Handler)
    UART3RX_Handler                          0x08000231   Thumb Code     2  startup_cmsdk_cm0plus.o(.text.Default_Handler)
    UART3TX_Handler                          0x08000231   Thumb Code     2  startup_cmsdk_cm0plus.o(.text.Default_Handler)
    UART4RX_Handler                          0x08000231   Thumb Code     2  startup_cmsdk_cm0plus.o(.text.Default_Handler)
    UART4TX_Handler                          0x08000231   Thumb Code     2  startup_cmsdk_cm0plus.o(.text.Default_Handler)
    UART_0_1_2_OVF_Handler                   0x08000231   Thumb Code     2  startup_cmsdk_cm0plus.o(.text.Default_Handler)
    EvrRtxDelay                              0x08000233   Thumb Code     2  rtx_evr.o(.text.EvrRtxDelay)
    EvrRtxDelayCompleted                     0x08000235   Thumb Code     2  rtx_evr.o(.text.EvrRtxDelayCompleted)
    EvrRtxDelayError                         0x08000237   Thumb Code     2  rtx_evr.o(.text.EvrRtxDelayError)
    EvrRtxDelayStarted                       0x08000239   Thumb Code     2  rtx_evr.o(.text.EvrRtxDelayStarted)
    EvrRtxEventFlagsWaitTimeout              0x0800023b   Thumb Code     2  rtx_evr.o(.text.EvrRtxEventFlagsWaitTimeout)
    EvrRtxKernelError                        0x0800023d   Thumb Code     2  rtx_evr.o(.text.EvrRtxKernelError)
    EvrRtxKernelErrorNotify                  0x0800023f   Thumb Code     2  rtx_evr.o(.text.EvrRtxKernelErrorNotify)
    EvrRtxKernelGetState                     0x08000241   Thumb Code     2  rtx_evr.o(.text.EvrRtxKernelGetState)
    EvrRtxKernelInitialize                   0x08000243   Thumb Code     2  rtx_evr.o(.text.EvrRtxKernelInitialize)
    EvrRtxKernelInitialized                  0x08000245   Thumb Code     2  rtx_evr.o(.text.EvrRtxKernelInitialized)
    EvrRtxKernelStart                        0x08000247   Thumb Code     2  rtx_evr.o(.text.EvrRtxKernelStart)
    EvrRtxKernelStarted                      0x08000249   Thumb Code     2  rtx_evr.o(.text.EvrRtxKernelStarted)
    EvrRtxMemoryAlloc                        0x0800024b   Thumb Code     2  rtx_evr.o(.text.EvrRtxMemoryAlloc)
    EvrRtxMemoryBlockAlloc                   0x0800024d   Thumb Code     2  rtx_evr.o(.text.EvrRtxMemoryBlockAlloc)
    EvrRtxMemoryBlockFree                    0x0800024f   Thumb Code     2  rtx_evr.o(.text.EvrRtxMemoryBlockFree)
    EvrRtxMemoryBlockInit                    0x08000251   Thumb Code     2  rtx_evr.o(.text.EvrRtxMemoryBlockInit)
    EvrRtxMemoryFree                         0x08000253   Thumb Code     2  rtx_evr.o(.text.EvrRtxMemoryFree)
    EvrRtxMemoryInit                         0x08000255   Thumb Code     2  rtx_evr.o(.text.EvrRtxMemoryInit)
    EvrRtxMemoryPoolAllocTimeout             0x08000257   Thumb Code     2  rtx_evr.o(.text.EvrRtxMemoryPoolAllocTimeout)
    EvrRtxMessageQueueCreated                0x08000259   Thumb Code     2  rtx_evr.o(.text.EvrRtxMessageQueueCreated)
    EvrRtxMessageQueueError                  0x0800025b   Thumb Code     2  rtx_evr.o(.text.EvrRtxMessageQueueError)
    EvrRtxMessageQueueGet                    0x0800025d   Thumb Code     2  rtx_evr.o(.text.EvrRtxMessageQueueGet)
    EvrRtxMessageQueueGetPending             0x0800025f   Thumb Code     2  rtx_evr.o(.text.EvrRtxMessageQueueGetPending)
    EvrRtxMessageQueueGetTimeout             0x08000261   Thumb Code     2  rtx_evr.o(.text.EvrRtxMessageQueueGetTimeout)
    EvrRtxMessageQueueInsertPending          0x08000263   Thumb Code     2  rtx_evr.o(.text.EvrRtxMessageQueueInsertPending)
    EvrRtxMessageQueueInserted               0x08000265   Thumb Code     2  rtx_evr.o(.text.EvrRtxMessageQueueInserted)
    EvrRtxMessageQueueNotInserted            0x08000267   Thumb Code     2  rtx_evr.o(.text.EvrRtxMessageQueueNotInserted)
    EvrRtxMessageQueueNotRetrieved           0x08000269   Thumb Code     2  rtx_evr.o(.text.EvrRtxMessageQueueNotRetrieved)
    EvrRtxMessageQueuePut                    0x0800026b   Thumb Code     2  rtx_evr.o(.text.EvrRtxMessageQueuePut)
    EvrRtxMessageQueuePutPending             0x0800026d   Thumb Code     2  rtx_evr.o(.text.EvrRtxMessageQueuePutPending)
    EvrRtxMessageQueuePutTimeout             0x0800026f   Thumb Code     2  rtx_evr.o(.text.EvrRtxMessageQueuePutTimeout)
    EvrRtxMessageQueueRetrieved              0x08000271   Thumb Code     2  rtx_evr.o(.text.EvrRtxMessageQueueRetrieved)
    EvrRtxMutexAcquireTimeout                0x08000273   Thumb Code     2  rtx_evr.o(.text.EvrRtxMutexAcquireTimeout)
    EvrRtxMutexAcquired                      0x08000275   Thumb Code     2  rtx_evr.o(.text.EvrRtxMutexAcquired)
    EvrRtxMutexReleased                      0x08000277   Thumb Code     2  rtx_evr.o(.text.EvrRtxMutexReleased)
    EvrRtxSemaphoreAcquireTimeout            0x08000279   Thumb Code     2  rtx_evr.o(.text.EvrRtxSemaphoreAcquireTimeout)
    EvrRtxThreadBlocked                      0x0800027b   Thumb Code     2  rtx_evr.o(.text.EvrRtxThreadBlocked)
    EvrRtxThreadCreated                      0x0800027d   Thumb Code     2  rtx_evr.o(.text.EvrRtxThreadCreated)
    EvrRtxThreadDestroyed                    0x0800027f   Thumb Code     2  rtx_evr.o(.text.EvrRtxThreadDestroyed)
    EvrRtxThreadError                        0x08000281   Thumb Code     2  rtx_evr.o(.text.EvrRtxThreadError)
    EvrRtxThreadExit                         0x08000283   Thumb Code     2  rtx_evr.o(.text.EvrRtxThreadExit)
    EvrRtxThreadFlagsWaitCompleted           0x08000285   Thumb Code     2  rtx_evr.o(.text.EvrRtxThreadFlagsWaitCompleted)
    EvrRtxThreadFlagsWaitTimeout             0x08000287   Thumb Code     2  rtx_evr.o(.text.EvrRtxThreadFlagsWaitTimeout)
    EvrRtxThreadJoined                       0x08000289   Thumb Code     2  rtx_evr.o(.text.EvrRtxThreadJoined)
    EvrRtxThreadNew                          0x0800028b   Thumb Code     2  rtx_evr.o(.text.EvrRtxThreadNew)
    EvrRtxThreadPreempted                    0x0800028d   Thumb Code     2  rtx_evr.o(.text.EvrRtxThreadPreempted)
    EvrRtxThreadSwitched                     0x0800028f   Thumb Code     2  rtx_evr.o(.text.EvrRtxThreadSwitched)
    EvrRtxThreadUnblocked                    0x08000291   Thumb Code     2  rtx_evr.o(.text.EvrRtxThreadUnblocked)
    EvrRtxTimerCallback                      0x08000293   Thumb Code     2  rtx_evr.o(.text.EvrRtxTimerCallback)
    HardFault_Handler                        0x08000295   Thumb Code     2  startup_cmsdk_cm0plus.o(.text.HardFault_Handler)
    OS_Tick_AcknowledgeIRQ                   0x08000299   Thumb Code     8  os_systick.o(.text.OS_Tick_AcknowledgeIRQ)
    OS_Tick_Enable                           0x080002a1   Thumb Code    32  os_systick.o(.text.OS_Tick_Enable)
    OS_Tick_GetIRQn                          0x080002c5   Thumb Code     6  os_systick.o(.text.OS_Tick_GetIRQn)
    OS_Tick_Setup                            0x080002cd   Thumb Code    60  os_systick.o(.text.OS_Tick_Setup)
    Reset_Handler                            0x08000315   Thumb Code     8  startup_cmsdk_cm0plus.o(.text.Reset_Handler)
    SystemInit                               0x0800031d   Thumb Code    16  system_cmsdk_cm0plus.o(.text.SystemInit)
    main                                     0x0800033d   Thumb Code    48  blinky.o(.text.main)
    osDelay                                  0x08000379   Thumb Code    48  rtx_delay.o(.text.osDelay)
    osKernelGetState                         0x080003ad   Thumb Code    48  rtx_kernel.o(.text.osKernelGetState)
    osKernelInitialize                       0x080003e5   Thumb Code    48  rtx_kernel.o(.text.osKernelInitialize)
    osKernelStart                            0x08000419   Thumb Code    44  rtx_kernel.o(.text.osKernelStart)
    osMessageQueueGet                        0x08000449   Thumb Code   212  rtx_msgqueue.o(.text.osMessageQueueGet)
    osMessageQueuePut                        0x08000521   Thumb Code   156  rtx_msgqueue.o(.text.osMessageQueuePut)
    osRtxErrorNotify                         0x080005c1   Thumb Code     2  rtx_config.o(.text.osRtxErrorNotify)
    osRtxIdleThread                          0x080005c3   Thumb Code     2  rtx_config.o(.text.osRtxIdleThread)
    osRtxKernelBeforeInit                    0x080005c5   Thumb Code     2  rtx_kernel.o(.text.osRtxKernelBeforeInit)
    osRtxKernelErrorNotify                   0x080005c7   Thumb Code    20  rtx_kernel.o(.text.osRtxKernelErrorNotify)
    osRtxMemoryAlloc                         0x080005db   Thumb Code   128  rtx_memory.o(.text.osRtxMemoryAlloc)
    osRtxMemoryFree                          0x0800065b   Thumb Code    82  rtx_memory.o(.text.osRtxMemoryFree)
    osRtxMemoryInit                          0x080006ad   Thumb Code    60  rtx_memory.o(.text.osRtxMemoryInit)
    osRtxMemoryPoolAlloc                     0x080006e9   Thumb Code    50  rtx_mempool.o(.text.osRtxMemoryPoolAlloc)
    osRtxMemoryPoolFree                      0x0800071b   Thumb Code    60  rtx_mempool.o(.text.osRtxMemoryPoolFree)
    osRtxMemoryPoolInit                      0x08000757   Thumb Code    86  rtx_mempool.o(.text.osRtxMemoryPoolInit)
    osRtxMessageQueueTimerSetup              0x08000959   Thumb Code    32  rtx_msgqueue.o(.text.osRtxMessageQueueTimerSetup)
    osRtxMutexOwnerRelease                   0x0800097d   Thumb Code    92  rtx_mutex.o(.text.osRtxMutexOwnerRelease)
    osRtxMutexOwnerRestore                   0x080009d9   Thumb Code    82  rtx_mutex.o(.text.osRtxMutexOwnerRestore)
    osRtxPendSV_Handler                      0x08000a2d   Thumb Code    96  rtx_system.o(.text.osRtxPendSV_Handler)
    osRtxPostProcess                         0x08000ab5   Thumb Code   116  rtx_system.o(.text.osRtxPostProcess)
    osRtxThreadBeforeFree                    0x08000b2d   Thumb Code     2  rtx_thread.o(.text.osRtxThreadBeforeFree)
    osRtxThreadDelayTick                     0x08000b31   Thumb Code   324  rtx_thread.o(.text.osRtxThreadDelayTick)
    osRtxThreadDispatch                      0x08000c79   Thumb Code   272  rtx_thread.o(.text.osRtxThreadDispatch)
    osRtxThreadListGet                       0x08000ddd   Thumb Code    20  rtx_thread.o(.text.osRtxThreadListGet)
    osRtxThreadListPut                       0x08000df1   Thumb Code    42  rtx_thread.o(.text.osRtxThreadListPut)
    osRtxThreadListRemove                    0x08000e1b   Thumb Code    24  rtx_thread.o(.text.osRtxThreadListRemove)
    osRtxThreadListSort                      0x08000e33   Thumb Code   102  rtx_thread.o(.text.osRtxThreadListSort)
    osRtxThreadReadyPut                      0x08000f25   Thumb Code    52  rtx_thread.o(.text.osRtxThreadReadyPut)
    osRtxThreadRegPtr                        0x08000f59   Thumb Code     6  rtx_thread.o(.text.osRtxThreadRegPtr)
    osRtxThreadStartup                       0x08000f61   Thumb Code    64  rtx_thread.o(.text.osRtxThreadStartup)
    osRtxThreadSwitch                        0x08000fa9   Thumb Code    40  rtx_thread.o(.text.osRtxThreadSwitch)
    osRtxThreadWaitEnter                     0x08000fd5   Thumb Code   220  rtx_thread.o(.text.osRtxThreadWaitEnter)
    osRtxThreadWaitExit                      0x080010b1   Thumb Code   136  rtx_thread.o(.text.osRtxThreadWaitExit)
    osRtxTick_Handler                        0x0800113d   Thumb Code   128  rtx_system.o(.text.osRtxTick_Handler)
    osRtxTimerSetup                          0x080011bd   Thumb Code    28  rtx_timer.o(.text.osRtxTimerSetup)
    osRtxTimerThread                         0x080011dd   Thumb Code    36  rtx_timer.o(.text.osRtxTimerThread)
    osThreadExit                             0x080012d1   Thumb Code    20  rtx_thread.o(.text.osThreadExit)
    osThreadNew                              0x080012e9   Thumb Code    64  rtx_thread.o(.text.osThreadNew)
    test_task                                0x08001d35   Thumb Code    36  blinky.o(.text.test_task)
    __scatterload_copy                       0x08001d61   Thumb Code    14  handlers.o(i.__scatterload_copy)
    __scatterload_null                       0x08001d6f   Thumb Code     2  handlers.o(i.__scatterload_null)
    __scatterload_zeroinit                   0x08001d71   Thumb Code    14  handlers.o(i.__scatterload_zeroinit)
    osRtxConfig                              0x08001d80   Data         112  rtx_lib.o(.rodata)
    os_cb_sections                           0x08001df0   Data          56  rtx_lib.o(.rodata)
    osRtxUserSVC                             0x08001e28   Data           4  rtx_lib.o(.rodata.osRtxUserSVC)
    Region$$Table$$Base                      0x08001ecc   Number         0  anon$$obj.o(Region$$Table)
    Region$$Table$$Limit                     0x08001eec   Number         0  anon$$obj.o(Region$$Table)
    SystemCoreClock                          0x20000000   Data           4  system_cmsdk_cm0plus.o(.data.SystemCoreClock)
    osRtxInfo                                0x20000004   Data         164  rtx_kernel.o(.data.os)
    .bss.os.msgqueue.cb$$Base                0x2000185c   Number         0  rtx_lib.o(.bss.os.msgqueue.cb)
    .bss.os.msgqueue.cb$$Limit               0x20001890   Number         0  rtx_lib.o(.bss.os.msgqueue.cb)
    .bss.os.thread.cb$$Base                  0x200018e0   Number         0  rtx_lib.o(.bss.os.thread.cb)
    .bss.os.thread.cb$$Limit                 0x20001980   Number         0  rtx_lib.o(.bss.os.thread.cb)
    Image$$ARM_LIB_STACK$$ZI$$Limit          0x20002000   Number         0  anon$$obj.o ABSOLUTE



==============================================================================

Memory Map of the image

  Image Entry point : 0x080000c1

  Load Region LR_ROM (Base: 0x08000000, Size: 0x00001f98, Max: 0x00020000, ABSOLUTE)

    Execution Region ER_ROM (Exec base: 0x08000000, Load base: 0x08000000, Size: 0x00001eec, Max: 0x00020000, ABSOLUTE)

    Exec Addr    Load Addr    Size         Type   Attr      Idx    E Section Name        Object

    0x08000000   0x08000000   0x000000c0   Data   RO         1000    RESET               startup_cmsdk_cm0plus.o
    0x080000c0   0x080000c0   0x00000000   Code   RO         1019  * .ARM.Collect$$$$00000000  mc_p.l(entry.o)
    0x080000c0   0x080000c0   0x00000004   Code   RO         1034    .ARM.Collect$$$$00000003  mc_p.l(entry4.o)
    0x080000c4   0x080000c4   0x00000004   Code   RO         1037    .ARM.Collect$$$$00000004  mc_p.l(entry5.o)
    0x080000c8   0x080000c8   0x00000000   Code   RO         1039    .ARM.Collect$$$$00000008  mc_p.l(entry7b.o)
    0x080000c8   0x080000c8   0x00000000   Code   RO         1041    .ARM.Collect$$$$0000000A  mc_p.l(entry8b.o)
    0x080000c8   0x080000c8   0x00000008   Code   RO         1042    .ARM.Collect$$$$0000000B  mc_p.l(entry9a.o)
    0x080000d0   0x080000d0   0x00000000   Code   RO         1044    .ARM.Collect$$$$0000000D  mc_p.l(entry10a.o)
    0x080000d0   0x080000d0   0x00000000   Code   RO         1046    .ARM.Collect$$$$0000000F  mc_p.l(entry11a.o)
    0x080000d0   0x080000d0   0x00000004   Code   RO         1035    .ARM.Collect$$$$00002714  mc_p.l(entry4.o)
    0x080000d4   0x080000d4   0x000000a4   Code   RO           19    .text               irq_armv6m.o
    0x08000178   0x08000178   0x00000024   Code   RO         1028    .text               mc_p.l(memcpya.o)
    0x0800019c   0x0800019c   0x00000024   Code   RO         1030    .text               mc_p.l(memseta.o)
    0x080001c0   0x080001c0   0x0000003e   Code   RO         1052    .text               mc_p.l(uidiv_div0.o)
    0x080001fe   0x080001fe   0x00000002   PAD
    0x08000200   0x08000200   0x00000030   Code   RO         1058    .text               mc_p.l(init.o)
    0x08000230   0x08000230   0x00000002   Code   RO          994    .text.Default_Handler  startup_cmsdk_cm0plus.o
    0x08000232   0x08000232   0x00000002   Code   RO          249    .text.EvrRtxDelay   rtx_evr.o
    0x08000234   0x08000234   0x00000002   Code   RO          257    .text.EvrRtxDelayCompleted  rtx_evr.o
    0x08000236   0x08000236   0x00000002   Code   RO          247    .text.EvrRtxDelayError  rtx_evr.o
    0x08000238   0x08000238   0x00000002   Code   RO          253    .text.EvrRtxDelayStarted  rtx_evr.o
    0x0800023a   0x0800023a   0x00000002   Code   RO          305    .text.EvrRtxEventFlagsWaitTimeout  rtx_evr.o
    0x0800023c   0x0800023c   0x00000002   Code   RO           93    .text.EvrRtxKernelError  rtx_evr.o
    0x0800023e   0x0800023e   0x00000002   Code   RO          141    .text.EvrRtxKernelErrorNotify  rtx_evr.o
    0x08000240   0x08000240   0x00000002   Code   RO          103    .text.EvrRtxKernelGetState  rtx_evr.o
    0x08000242   0x08000242   0x00000002   Code   RO           95    .text.EvrRtxKernelInitialize  rtx_evr.o
    0x08000244   0x08000244   0x00000002   Code   RO           97    .text.EvrRtxKernelInitialized  rtx_evr.o
    0x08000246   0x08000246   0x00000002   Code   RO          105    .text.EvrRtxKernelStart  rtx_evr.o
    0x08000248   0x08000248   0x00000002   Code   RO          107    .text.EvrRtxKernelStarted  rtx_evr.o
    0x0800024a   0x0800024a   0x00000002   Code   RO           83    .text.EvrRtxMemoryAlloc  rtx_evr.o
    0x0800024c   0x0800024c   0x00000002   Code   RO           89    .text.EvrRtxMemoryBlockAlloc  rtx_evr.o
    0x0800024e   0x0800024e   0x00000002   Code   RO           91    .text.EvrRtxMemoryBlockFree  rtx_evr.o
    0x08000250   0x08000250   0x00000002   Code   RO           87    .text.EvrRtxMemoryBlockInit  rtx_evr.o
    0x08000252   0x08000252   0x00000002   Code   RO           85    .text.EvrRtxMemoryFree  rtx_evr.o
    0x08000254   0x08000254   0x00000002   Code   RO           81    .text.EvrRtxMemoryInit  rtx_evr.o
    0x08000256   0x08000256   0x00000002   Code   RO          383    .text.EvrRtxMemoryPoolAllocTimeout  rtx_evr.o
    0x08000258   0x08000258   0x00000002   Code   RO          411    .text.EvrRtxMessageQueueCreated  rtx_evr.o
    0x0800025a   0x0800025a   0x00000002   Code   RO          407    .text.EvrRtxMessageQueueError  rtx_evr.o
    0x0800025c   0x0800025c   0x00000002   Code   RO          427    .text.EvrRtxMessageQueueGet  rtx_evr.o
    0x0800025e   0x0800025e   0x00000002   Code   RO          429    .text.EvrRtxMessageQueueGetPending  rtx_evr.o
    0x08000260   0x08000260   0x00000002   Code   RO          431    .text.EvrRtxMessageQueueGetTimeout  rtx_evr.o
    0x08000262   0x08000262   0x00000002   Code   RO          421    .text.EvrRtxMessageQueueInsertPending  rtx_evr.o
    0x08000264   0x08000264   0x00000002   Code   RO          423    .text.EvrRtxMessageQueueInserted  rtx_evr.o
    0x08000266   0x08000266   0x00000002   Code   RO          425    .text.EvrRtxMessageQueueNotInserted  rtx_evr.o
    0x08000268   0x08000268   0x00000002   Code   RO          435    .text.EvrRtxMessageQueueNotRetrieved  rtx_evr.o
    0x0800026a   0x0800026a   0x00000002   Code   RO          415    .text.EvrRtxMessageQueuePut  rtx_evr.o
    0x0800026c   0x0800026c   0x00000002   Code   RO          417    .text.EvrRtxMessageQueuePutPending  rtx_evr.o
    0x0800026e   0x0800026e   0x00000002   Code   RO          419    .text.EvrRtxMessageQueuePutTimeout  rtx_evr.o
    0x08000270   0x08000270   0x00000002   Code   RO          433    .text.EvrRtxMessageQueueRetrieved  rtx_evr.o
    0x08000272   0x08000272   0x00000002   Code   RO          327    .text.EvrRtxMutexAcquireTimeout  rtx_evr.o
    0x08000274   0x08000274   0x00000002   Code   RO          329    .text.EvrRtxMutexAcquired  rtx_evr.o
    0x08000276   0x08000276   0x00000002   Code   RO          335    .text.EvrRtxMutexReleased  rtx_evr.o
    0x08000278   0x08000278   0x00000002   Code   RO          355    .text.EvrRtxSemaphoreAcquireTimeout  rtx_evr.o
    0x0800027a   0x0800027a   0x00000002   Code   RO          191    .text.EvrRtxThreadBlocked  rtx_evr.o
    0x0800027c   0x0800027c   0x00000002   Code   RO          149    .text.EvrRtxThreadCreated  rtx_evr.o
    0x0800027e   0x0800027e   0x00000002   Code   RO          203    .text.EvrRtxThreadDestroyed  rtx_evr.o
    0x08000280   0x08000280   0x00000002   Code   RO          145    .text.EvrRtxThreadError  rtx_evr.o
    0x08000282   0x08000282   0x00000002   Code   RO          199    .text.EvrRtxThreadExit  rtx_evr.o
    0x08000284   0x08000284   0x00000002   Code   RO          243    .text.EvrRtxThreadFlagsWaitCompleted  rtx_evr.o
    0x08000286   0x08000286   0x00000002   Code   RO          241    .text.EvrRtxThreadFlagsWaitTimeout  rtx_evr.o
    0x08000288   0x08000288   0x00000002   Code   RO          189    .text.EvrRtxThreadJoined  rtx_evr.o
    0x0800028a   0x0800028a   0x00000002   Code   RO          147    .text.EvrRtxThreadNew  rtx_evr.o
    0x0800028c   0x0800028c   0x00000002   Code   RO          195    .text.EvrRtxThreadPreempted  rtx_evr.o
    0x0800028e   0x0800028e   0x00000002   Code   RO          197    .text.EvrRtxThreadSwitched  rtx_evr.o
    0x08000290   0x08000290   0x00000002   Code   RO          193    .text.EvrRtxThreadUnblocked  rtx_evr.o
    0x08000292   0x08000292   0x00000002   Code   RO          261    .text.EvrRtxTimerCallback  rtx_evr.o
    0x08000294   0x08000294   0x00000002   Code   RO          998    .text.HardFault_Handler  startup_cmsdk_cm0plus.o
    0x08000296   0x08000296   0x00000002   PAD
    0x08000298   0x08000298   0x00000008   Code   RO          973    .text.OS_Tick_AcknowledgeIRQ  os_systick.o
    0x080002a0   0x080002a0   0x00000024   Code   RO          969    .text.OS_Tick_Enable  os_systick.o
    0x080002c4   0x080002c4   0x00000006   Code   RO          975    .text.OS_Tick_GetIRQn  os_systick.o
    0x080002ca   0x080002ca   0x00000002   PAD
    0x080002cc   0x080002cc   0x00000048   Code   RO          967    .text.OS_Tick_Setup  os_systick.o
    0x08000314   0x08000314   0x00000008   Code   RO          996    .text.Reset_Handler  startup_cmsdk_cm0plus.o
    0x0800031c   0x0800031c   0x00000020   Code   RO         1010    .text.SystemInit    system_cmsdk_cm0plus.o
    0x0800033c   0x0800033c   0x0000003c   Code   RO            7    .text.main          blinky.o
    0x08000378   0x08000378   0x00000034   Code   RO           27    .text.osDelay       rtx_delay.o
    0x080003ac   0x080003ac   0x00000038   Code   RO          470    .text.osKernelGetState  rtx_kernel.o
    0x080003e4   0x080003e4   0x00000034   Code   RO          464    .text.osKernelInitialize  rtx_kernel.o
    0x08000418   0x08000418   0x00000030   Code   RO          474    .text.osKernelStart  rtx_kernel.o
    0x08000448   0x08000448   0x000000d8   Code   RO          630    .text.osMessageQueueGet  rtx_msgqueue.o
    0x08000520   0x08000520   0x000000a0   Code   RO          628    .text.osMessageQueuePut  rtx_msgqueue.o
    0x080005c0   0x080005c0   0x00000002   Code   RO          958    .text.osRtxErrorNotify  rtx_config.o
    0x080005c2   0x080005c2   0x00000002   Code   RO          956    .text.osRtxIdleThread  rtx_config.o
    0x080005c4   0x080005c4   0x00000002   Code   RO          460    .text.osRtxKernelBeforeInit  rtx_kernel.o
    0x080005c6   0x080005c6   0x00000014   Code   RO          462    .text.osRtxKernelErrorNotify  rtx_kernel.o
    0x080005da   0x080005da   0x00000080   Code   RO          554    .text.osRtxMemoryAlloc  rtx_memory.o
    0x0800065a   0x0800065a   0x00000052   Code   RO          556    .text.osRtxMemoryFree  rtx_memory.o
    0x080006ac   0x080006ac   0x0000003c   Code   RO          552    .text.osRtxMemoryInit  rtx_memory.o
    0x080006e8   0x080006e8   0x00000032   Code   RO          568    .text.osRtxMemoryPoolAlloc  rtx_mempool.o
    0x0800071a   0x0800071a   0x0000003c   Code   RO          570    .text.osRtxMemoryPoolFree  rtx_mempool.o
    0x08000756   0x08000756   0x00000056   Code   RO          566    .text.osRtxMemoryPoolInit  rtx_mempool.o
    0x080007ac   0x080007ac   0x000001ac   Code   RO          652    .text.osRtxMessageQueuePostProcess  rtx_msgqueue.o
    0x08000958   0x08000958   0x00000024   Code   RO          618    .text.osRtxMessageQueueTimerSetup  rtx_msgqueue.o
    0x0800097c   0x0800097c   0x0000005c   Code   RO          670    .text.osRtxMutexOwnerRelease  rtx_mutex.o
    0x080009d8   0x080009d8   0x00000052   Code   RO          672    .text.osRtxMutexOwnerRestore  rtx_mutex.o
    0x08000a2a   0x08000a2a   0x00000002   PAD
    0x08000a2c   0x08000a2c   0x00000088   Code   RO          742    .text.osRtxPendSV_Handler  rtx_system.o
    0x08000ab4   0x08000ab4   0x00000078   Code   RO          744    .text.osRtxPostProcess  rtx_system.o
    0x08000b2c   0x08000b2c   0x00000002   Code   RO          784    .text.osRtxThreadBeforeFree  rtx_thread.o
    0x08000b2e   0x08000b2e   0x00000002   PAD
    0x08000b30   0x08000b30   0x00000148   Code   RO          766    .text.osRtxThreadDelayTick  rtx_thread.o
    0x08000c78   0x08000c78   0x00000110   Code   RO          772    .text.osRtxThreadDispatch  rtx_thread.o
    0x08000d88   0x08000d88   0x00000054   Code   RO          782    .text.osRtxThreadFree  rtx_thread.o
    0x08000ddc   0x08000ddc   0x00000014   Code   RO          756    .text.osRtxThreadListGet  rtx_thread.o
    0x08000df0   0x08000df0   0x0000002a   Code   RO          754    .text.osRtxThreadListPut  rtx_thread.o
    0x08000e1a   0x08000e1a   0x00000018   Code   RO          760    .text.osRtxThreadListRemove  rtx_thread.o
    0x08000e32   0x08000e32   0x00000066   Code   RO          758    .text.osRtxThreadListSort  rtx_thread.o
    0x08000e98   0x08000e98   0x0000008a   Code   RO          864    .text.osRtxThreadPostProcess  rtx_thread.o
    0x08000f22   0x08000f22   0x00000002   PAD
    0x08000f24   0x08000f24   0x00000034   Code   RO          762    .text.osRtxThreadReadyPut  rtx_thread.o
    0x08000f58   0x08000f58   0x00000006   Code   RO          768    .text.osRtxThreadRegPtr  rtx_thread.o
    0x08000f5e   0x08000f5e   0x00000002   PAD
    0x08000f60   0x08000f60   0x00000048   Code   RO          786    .text.osRtxThreadStartup  rtx_thread.o
    0x08000fa8   0x08000fa8   0x0000002c   Code   RO          770    .text.osRtxThreadSwitch  rtx_thread.o
    0x08000fd4   0x08000fd4   0x000000dc   Code   RO          776    .text.osRtxThreadWaitEnter  rtx_thread.o
    0x080010b0   0x080010b0   0x0000008c   Code   RO          774    .text.osRtxThreadWaitExit  rtx_thread.o
    0x0800113c   0x0800113c   0x00000080   Code   RO          740    .text.osRtxTick_Handler  rtx_system.o
    0x080011bc   0x080011bc   0x00000020   Code   RO          918    .text.osRtxTimerSetup  rtx_timer.o
    0x080011dc   0x080011dc   0x00000024   Code   RO          922    .text.osRtxTimerThread  rtx_timer.o
    0x08001200   0x08001200   0x000000c8   Code   RO          920    .text.osRtxTimerTick  rtx_timer.o
    0x080012c8   0x080012c8   0x00000006   Code   RO          862    .text.osThreadEntry  rtx_thread.o
    0x080012ce   0x080012ce   0x00000002   PAD
    0x080012d0   0x080012d0   0x00000018   Code   RO          828    .text.osThreadExit  rtx_thread.o
    0x080012e8   0x080012e8   0x00000044   Code   RO          790    .text.osThreadNew   rtx_thread.o
    0x0800132c   0x0800132c   0x00000034   Code   RO           31    .text.svcRtxDelay   rtx_delay.o
    0x08001360   0x08001360   0x00000014   Code   RO          472    .text.svcRtxKernelGetState  rtx_kernel.o
    0x08001374   0x08001374   0x0000014c   Code   RO          510    .text.svcRtxKernelInitialize  rtx_kernel.o
    0x080014c0   0x080014c0   0x00000084   Code   RO          512    .text.svcRtxKernelStart  rtx_kernel.o
    0x08001544   0x08001544   0x000001b0   Code   RO          656    .text.svcRtxMessageQueueGet  rtx_msgqueue.o
    0x080016f4   0x080016f4   0x00000204   Code   RO          620    .text.svcRtxMessageQueueNew  rtx_msgqueue.o
    0x080018f8   0x080018f8   0x00000140   Code   RO          654    .text.svcRtxMessageQueuePut  rtx_msgqueue.o
    0x08001a38   0x08001a38   0x000000a0   Code   RO          886    .text.svcRtxThreadExit  rtx_thread.o
    0x08001ad8   0x08001ad8   0x0000025c   Code   RO          788    .text.svcRtxThreadNew  rtx_thread.o
    0x08001d34   0x08001d34   0x0000002c   Code   RO            5    .text.test_task     blinky.o
    0x08001d60   0x08001d60   0x0000000e   Code   RO         1062    i.__scatterload_copy  mc_p.l(handlers.o)
    0x08001d6e   0x08001d6e   0x00000002   Code   RO         1063    i.__scatterload_null  mc_p.l(handlers.o)
    0x08001d70   0x08001d70   0x0000000e   Code   RO         1064    i.__scatterload_zeroinit  mc_p.l(handlers.o)
    0x08001d7e   0x08001d7e   0x00000002   PAD
    0x08001d80   0x08001d80   0x00000070   Data   RO          538    .rodata             rtx_lib.o
    0x08001df0   0x08001df0   0x00000038   Data   RO          541    .rodata             rtx_lib.o
    0x08001e28   0x08001e28   0x00000004   Data   RO          540    .rodata.osRtxUserSVC  rtx_lib.o
    0x08001e2c   0x08001e2c   0x00000024   Data   RO          535    .rodata.os_idle_thread_attr  rtx_lib.o
    0x08001e50   0x08001e50   0x00000018   Data   RO          537    .rodata.os_timer_mq_attr  rtx_lib.o
    0x08001e68   0x08001e68   0x00000024   Data   RO          536    .rodata.os_timer_thread_attr  rtx_lib.o
    0x08001e8c   0x08001e8c   0x00000034   Data   RO           10    .rodata.str1.1      blinky.o
    0x08001ec0   0x08001ec0   0x0000000b   Data   RO          524    .rodata.str1.4      rtx_kernel.o
    0x08001ecb   0x08001ecb   0x00000001   PAD
    0x08001ecc   0x08001ecc   0x00000020   Data   RO         1061    Region$$Table       anon$$obj.o


    Execution Region RW_RAM (Exec base: 0x20000000, Load base: 0x08001ef0, Size: 0x00001d80, Max: 0x00001e00, ABSOLUTE)

    Exec Addr    Load Addr    Size         Type   Attr      Idx    E Section Name        Object

    0x20000000   0x08001ef0   0x00000004   Data   RW         1012    .data.SystemCoreClock  system_cmsdk_cm0plus.o
    0x20000004   0x08001ef4   0x000000a4   Data   RW          525    .data.os            rtx_kernel.o
    0x200000a8        -       0x000017b0   Zero   RW          534    .bss.os             rtx_lib.o
    0x20001858        -       0x00000001   Zero   RW          985    .bss.os             os_systick.o
    0x20001859   0x08001f98   0x00000003   PAD
    0x2000185c        -       0x00000034   Zero   RW          545    .bss.os.msgqueue.cb  rtx_lib.o
    0x20001890        -       0x00000050   Zero   RW          546    .bss.os.msgqueue.mem  rtx_lib.o
    0x200018e0        -       0x000000a0   Zero   RW          542    .bss.os.thread.cb   rtx_lib.o
    0x20001980        -       0x00000200   Zero   RW          543    .bss.os.thread.idle.stack  rtx_lib.o
    0x20001b80        -       0x00000200   Zero   RW          544    .bss.os.thread.timer.stack  rtx_lib.o


    Execution Region ARM_LIB_STACK (Exec base: 0x20001e00, Load base: 0x08001f98, Size: 0x00000200, Max: 0x00000200, ABSOLUTE)

    Exec Addr    Load Addr    Size         Type   Attr      Idx    E Section Name        Object

    0x20001e00        -       0x00000200   Zero   RW            1    ARM_LIB_STACK.bss   anon$$obj.o


==============================================================================

Image component sizes


      Code (inc. data)   RO Data    RW Data    ZI Data      Debug   Object Name

       104         20         52          0          0       3210   blinky.o
       164          8          0          0          0        816   irq_armv6m.o
       122         16          0          0          1       3511   os_systick.o
         4          0          0          0          0        710   rtx_config.o
       104          4          0          0          0       3230   rtx_delay.o
        98          0          0          0          0      25203   rtx_evr.o
       662         40         11        164          0      20040   rtx_kernel.o
         0          0        268          0       7380       5682   rtx_lib.o
       270          0          0          0          0       2895   rtx_memory.o
       196          0          0          0          0      18721   rtx_mempool.o
      2108         40          0          0          0      23837   rtx_msgqueue.o
       174          0          0          0          0      11261   rtx_mutex.o
       384         44          0          0          0       5120   rtx_system.o
      2408         70          0          0          0      49839   rtx_thread.o
       268          8          0          0          0      12055   rtx_timer.o
        12          0        192          0          0        948   startup_cmsdk_cm0plus.o
        32         16          0          4          0       1142   system_cmsdk_cm0plus.o

    ----------------------------------------------------------------------
      7124        266        556        168       7896     188220   Object Totals
         0          0         32          0        512          0   (incl. Generated)
        14          0          1          0          3          0   (incl. Padding)

    ----------------------------------------------------------------------

      Code (inc. data)   RO Data    RW Data    ZI Data      Debug   Library Member Name

         0          0          0          0          0          0   entry.o
         0          0          0          0          0          0   entry10a.o
         0          0          0          0          0          0   entry11a.o
         8          4          0          0          0          0   entry4.o
         4          0          0          0          0          0   entry5.o
         0          0          0          0          0          0   entry7b.o
         0          0          0          0          0          0   entry8b.o
         8          4          0          0          0          0   entry9a.o
        30          0          0          0          0          0   handlers.o
        48         10          0          0          0         68   init.o
        36          0          0          0          0         60   memcpya.o
        36          0          0          0          0        100   memseta.o
        62          0          0          0          0         72   uidiv_div0.o

    ----------------------------------------------------------------------
       236         18          0          0          0        300   Library Totals
         4          0          0          0          0          0   (incl. Padding)

    ----------------------------------------------------------------------

      Code (inc. data)   RO Data    RW Data    ZI Data      Debug   Library Name

       232         18          0          0          0        300   mc_p.l

    ----------------------------------------------------------------------
       236         18          0          0          0        300   Library Totals

    ----------------------------------------------------------------------

==============================================================================


      Code (inc. data)   RO Data    RW Data    ZI Data      Debug   

      7360        284        556        168       7896     188400   Grand Totals
      7360        284        556        168       7896     188400   ELF Image Totals
      7360        284        556        168          0          0   ROM Totals

==============================================================================

    Total RO  Size (Code + RO Data)                 7916 (   7.73kB)
    Total RW  Size (RW Data + ZI Data)              8064 (   7.88kB)
    Total ROM Size (Code + RO Data + RW Data)       8084 (   7.89kB)

==============================================================================

