<html>
<body>
<pre>
<h1>µVision Build Log</h1>
<h2>Tool Versions:</h2>
IDE-Version: µVision V5.39.0.0
Copyright (C) 2023 ARM Ltd and ARM Germany GmbH. All rights reserved.
License Information: Kamil Ciaston, None, LIC=----
 
Tool Versions:
Toolchain:       MDK-Lite  Version: 5.39.0.0
Toolchain Path:  C:\Keil_v5\ARM\ARMCLANG\Bin
C Compiler:      ArmClang.exe V6.21
Assembler:       Armasm.exe V6.21
Linker/Locator:  ArmLink.exe V6.21
Library Manager: ArmAr.exe V6.21
Hex Converter:   FromElf.exe V6.21
CPU DLL:         SARMCM3.DLL V5.39.0.0
Dialog DLL:      DARMCM1.DLL V1.19.6.0
Target DLL:      DbgFM.DLL V1.16.31.0
Dialog DLL:      TARMCM1.DLL V1.14.6.0
 
<h2>Project:</h2>
C:\Users\szifu\Documents\Boards\ARM\V2M-MPS2\CMSDK_CM0plus\RTX_Blinky\Blinky.uvprojx
Project File Date:  02/24/2024

<h2>Output:</h2>
*** Using Compiler 'V6.21', folder: 'C:\Keil_v5\ARM\ARMCLANG\Bin'
Build target 'FastModels'
compiling Blinky.c...
linking...
Program Size: Code=7360 RO-data=556 RW-data=168 ZI-data=7896  
FromELF: creating hex file...
".\Out\Blinky.axf" - 0 Error(s), 0 Warning(s).

<h2>Software Packages used:</h2>

Package Vendor: ARM
                https://www.keil.com/pack/ARM.CMSIS.6.0.0.pack
                ARM::CMSIS@6.0.0
                CMSIS (Common Microcontroller Software Interface Standard)
   * Component: OS Tick Version: 1.0.1
   * Component: RTOS2 Version: 2.3.0
   * Component: CORE Version: 6.0.0
   * Component: SysTick Version: 1.0.5

Package Vendor: ARM
                https://www.keil.com/pack/ARM.CMSIS-RTX.5.8.0.pack
                ARM::CMSIS-RTX@5.8.0
                RTX RTOS implementation of CMSIS-RTOS2 API
   * Component: Keil RTX5 Variant: Source Version: 5.8.0

Package Vendor: Keil
                https://www.keil.com/pack/Keil.V2M-MPS2_CMx_BSP.1.8.2.pack
                Keil::V2M-MPS2_CMx_BSP@1.8.2
                ARM V2M-MPS2 Board Support PACK for Cortex-M System Design Kit Devices
   * Component: Startup Variant: C Startup Version: 1.1.0

<h2>Collection of Component include folders:</h2>
  ./RTE/CMSIS
  ./RTE/Device/CMSDK_CM0plus
  ./RTE/_FastModels
  C:/Users/szifu/AppData/Local/Arm/Packs/ARM/CMSIS-RTX/5.8.0/Include
  C:/Users/szifu/AppData/Local/Arm/Packs/ARM/CMSIS/6.0.0/CMSIS/Core/Include
  C:/Users/szifu/AppData/Local/Arm/Packs/ARM/CMSIS/6.0.0/CMSIS/RTOS2/Include
  C:/Users/szifu/AppData/Local/Arm/Packs/Keil/V2M-MPS2_CMx_BSP/1.8.2/Device/CMSDK_CM0plus/Include
  C:/Users/szifu/AppData/Local/Arm/Packs/Keil/V2M-MPS2_CMx_BSP/1.8.2/Device/Common/Include

<h2>Collection of Component Files used:</h2>

   * Component: ::CMSIS:OS Tick(API)@1.0.1
      Include file:  CMSIS/RTOS2/Include/os_tick.h

   * Component: ::CMSIS:RTOS2(API)@2.3.0
      Include file:  CMSIS/RTOS2/Include/cmsis_os2.h

   * Component: ARM::CMSIS:CORE@6.0.0

   * Component: ARM::CMSIS:OS Tick:SysTick@1.0.5
      Source file:   CMSIS/RTOS2/Source/os_systick.c

   * Component: ARM::CMSIS:RTOS2:Keil RTX5&Source@5.8.0
      Include file:  Include/rtx_os.h
      Source file:   Source/rtx_thread.c
      Source file:   Template/main.c
      Source file:   Source/rtx_timer.c
      Source file:   Source/rtx_evflags.c
      Source file:   Source/rtx_mutex.c
      Source file:   Template/Semaphore.c
      Source file:   Template/Thread.c
      Source file:   Template/Timer.c
      Source file:   Template/svc_user.c
      Source file:   Source/rtx_delay.c
      Source file:   Config/RTX_Config.c
      Source file:   Template/Mutex.c
      Include file:  Config/RTX_Config.h
      Source file:   Template/Events.c
      Source file:   Template/MemPool.c
      Source file:   Template/MsgQueue.c
      Source file:   Source/rtx_kernel.c
      Source file:   Source/rtx_semaphore.c
      Source file:   Source/rtx_mempool.c
      Source file:   Source/rtx_evr.c
      Source file:   Source/rtx_lib.c
      Source file:   Source/rtx_memory.c
      Source file:   Source/rtx_msgqueue.c
      Source file:   Source/rtx_system.c
      Source file:   Source/GCC/irq_armv6m.S

   * Component: Keil::Device:Startup&C Startup@1.1.0
      Include file:  Device/Common/Include/SMM_MPS2.h
      Source file:   Device/CMSDK_CM0plus/Source/startup_CMSDK_CM0plus.c
      Source file:   Device/CMSDK_CM0plus/Source/system_CMSDK_CM0plus.c
      Include file:  CMSIS/Config/RTE_Device.h
Build Time Elapsed:  00:00:01
</pre>
</body>
</html>
